Rc files read:
  NONE
Latexmk: This is Latexmk, John Collins, 31 Jan. 2024. Version 4.83.
No existing .aux file, so I'll make a simple one, and require run of *latex.
Latexmk: applying rule 'xelatex'...
Rule 'xelatex':  Reasons for rerun
Category 'other':
  Rerun of 'xelatex' forced or previously required:
    Reason or flag: 'Initial setup'

------------
Run number 1 of rule 'xelatex'
------------
------------
Running 'xelatex -no-pdf -synctex=1 -interaction=batchmode -file-line-error -shell-escape -recorder  "mathematical_physics_and_computation.tex"'
------------
This is XeTeX, Version 3.141592653-2.6-0.999996 (TeX Live 2024) (preloaded format=xelatex)
 \write18 enabled.
entering extended mode

SyncTeX written on mathematical_physics_and_computation.synctex.gz.Latexmk: Missing input file 'mathematical_physics_and_computation.toc' (or dependence on it) from following:
  No file mathematical_physics_and_computation.toc.
Latexmk: Getting log file 'mathematical_physics_and_computation.log'
Latexmk: Examining 'mathematical_physics_and_computation.fls'
Latexmk: Examining 'mathematical_physics_and_computation.log'
Latexmk: References changed.
Latexmk: References changed.
Latexmk: References changed.
Latexmk: Log file says output to 'mathematical_physics_and_computation.xdv'
Latexmk: Log file says output to 'mathematical_physics_and_computation.xdv'
Latexmk: applying rule 'xelatex'...
Rule 'xelatex':  Reasons for rerun
Changed files or newly in use/created:
  mathematical_physics_and_computation-analytical-function.aux
  mathematical_physics_and_computation-c2p-space.aux
  mathematical_physics_and_computation-complex-integrals.aux
  mathematical_physics_and_computation-conservation-laws.aux
  mathematical_physics_and_computation-euler-lagrange-equation.aux
  mathematical_physics_and_computation-generalizations.aux
  mathematical_physics_and_computation-inner-product-space-1.aux
  mathematical_physics_and_computation-inner-product-space.aux
  mathematical_physics_and_computation-introduction.aux
  mathematical_physics_and_computation-least-square.aux
  mathematical_physics_and_computation-linear-differential-operator.aux
  mathematical_physics_and_computation-linear-operators-1.aux
  mathematical_physics_and_computation-linear-operators.aux
  mathematical_physics_and_computation-measurable-functions.aux
  mathematical_physics_and_computation-measure.aux
  mathematical_physics_and_computation-poisson-equation.aux
  mathematical_physics_and_computation-stern-gerlach-experiment.aux
  mathematical_physics_and_computation-wave-equation.aux
  mathematical_physics_and_computation.aux
  mathematical_physics_and_computation.out
  mathematical_physics_and_computation.toc

------------
Run number 2 of rule 'xelatex'
------------
------------
Running 'xelatex -no-pdf -synctex=1 -interaction=batchmode -file-line-error -shell-escape -recorder  "mathematical_physics_and_computation.tex"'
------------
This is XeTeX, Version 3.141592653-2.6-0.999996 (TeX Live 2024) (preloaded format=xelatex)
 \write18 enabled.
entering extended mode

SyncTeX written on mathematical_physics_and_computation.synctex.gz.Latexmk: Getting log file 'mathematical_physics_and_computation.log'
Latexmk: Examining 'mathematical_physics_and_computation.fls'
Latexmk: Examining 'mathematical_physics_and_computation.log'
Latexmk: Log file says output to 'mathematical_physics_and_computation.xdv'
Latexmk: Log file says output to 'mathematical_physics_and_computation.xdv'
Latexmk: applying rule 'xdvipdfmx'...
Rule 'xdvipdfmx':  Reasons for rerun
Changed files or newly in use/created:
  mathematical_physics_and_computation.xdv
Category 'changed_source_rules':
  xelatex
Category 'no_dest':
  xdvipdfmx

------------
Run number 1 of rule 'xdvipdfmx'
------------
------------
Running 'xdvipdfmx -E -o "mathematical_physics_and_computation.pdf"  "mathematical_physics_and_computation.xdv"'
------------
mathematical_physics_and_computation.xdv -> mathematical_physics_and_computation.pdf
[1][2
xdvipdfmx:warning: Object @page.i already defined.
][3][4][5][6][7][8][9][10][11][12][13][14][15][16][17][18][19][20][21][22][23][24][25][26][27][28][29][30][31][32][33][34][35][36][37][38][39][40][41][42][43][44][45][46][47][48][49][50][51][52][53][54][55][56][57][58][59][60][61][62][63][64][65][66][67]
863408 bytes written
Latexmk: ====Undefined refs and citations with line #s in .tex file:
  Missing character: There is no Ｃ ("FF23) in font ec-lmr10!
  Missing character: There is no 𝛑 ("1D6D1) in font ec-lmr10!
  Missing character: There is no Ｃ ("FF23) in font ec-lmbx12!
  Missing character: There is no 𝛑 ("1D6D1) in font ec-lmbx12!
  Missing character: There is no ⏩ ("23E9) in font ec-lmri10!
  Missing character: There is no ▶ ("25B6) in font ec-lmr10!
  Missing character: There is no ️ ("FE0F) in font ec-lmr10!
Latexmk: Summary of warnings from last run of *latex:
  =====Latex reported missing or unavailable character(s).
=====See log file for details.
Latexmk: All targets (mathematical_physics_and_computation.xdv mathematical_physics_and_computation.pdf) are up-to-date

