Rc files read:
  NONE
Latexmk: This is Latexmk, John Collins, 31 Jan. 2024. Version 4.83.
No existing .aux file, so I'll make a simple one, and require run of *latex.
Latexmk: applying rule 'xelatex'...
Rule 'xelatex':  Reasons for rerun
Category 'other':
  Rerun of 'xelatex' forced or previously required:
    Reason or flag: 'Initial setup'

------------
Run number 1 of rule 'xelatex'
------------
------------
Running 'xelatex -no-pdf -synctex=1 -interaction=batchmode -file-line-error -shell-escape -recorder  "continuous_computational_mathematics.tex"'
------------
This is XeTeX, Version 3.141592653-2.6-0.999996 (TeX Live 2024) (preloaded format=xelatex)
 \write18 enabled.
entering extended mode

SyncTeX written on continuous_computational_mathematics.synctex.gz.Latexmk: Missing input file 'continuous_computational_mathematics.toc' (or dependence on it) from following:
  No file continuous_computational_mathematics.toc.
Latexmk: Getting log file 'continuous_computational_mathematics.log'
Latexmk: Examining 'continuous_computational_mathematics.fls'
Latexmk: Examining 'continuous_computational_mathematics.log'
Latexmk: References changed.
Latexmk: References changed.
Latexmk: References changed.
Latexmk: Log file says output to 'continuous_computational_mathematics.xdv'
Latexmk: Log file says output to 'continuous_computational_mathematics.xdv'
Latexmk: applying rule 'xelatex'...
Rule 'xelatex':  Reasons for rerun
Changed files or newly in use/created:
  continuous_computational_mathematics-analytical-function.aux
  continuous_computational_mathematics-complex-integrals.aux
  continuous_computational_mathematics-conservation-laws.aux
  continuous_computational_mathematics-euler-lagrange-equation.aux
  continuous_computational_mathematics-generalizations.aux
  continuous_computational_mathematics-hilbert-space.aux
  continuous_computational_mathematics-inner-product-space.aux
  continuous_computational_mathematics-introduction.aux
  continuous_computational_mathematics-least-square.aux
  continuous_computational_mathematics-linear-differential-operator.aux
  continuous_computational_mathematics-linear-operators-1.aux
  continuous_computational_mathematics-linear-operators.aux
  continuous_computational_mathematics-measurable-functions.aux
  continuous_computational_mathematics-measure.aux
  continuous_computational_mathematics-poisson-equation.aux
  continuous_computational_mathematics-stern-gerlach-experiment.aux
  continuous_computational_mathematics-wave-equation.aux
  continuous_computational_mathematics.aux
  continuous_computational_mathematics.out
  continuous_computational_mathematics.toc

------------
Run number 2 of rule 'xelatex'
------------
------------
Running 'xelatex -no-pdf -synctex=1 -interaction=batchmode -file-line-error -shell-escape -recorder  "continuous_computational_mathematics.tex"'
------------
This is XeTeX, Version 3.141592653-2.6-0.999996 (TeX Live 2024) (preloaded format=xelatex)
 \write18 enabled.
entering extended mode

SyncTeX written on continuous_computational_mathematics.synctex.gz.Latexmk: Getting log file 'continuous_computational_mathematics.log'
Latexmk: Examining 'continuous_computational_mathematics.fls'
Latexmk: Examining 'continuous_computational_mathematics.log'
Latexmk: Log file says output to 'continuous_computational_mathematics.xdv'
Latexmk: Log file says output to 'continuous_computational_mathematics.xdv'
Latexmk: applying rule 'xdvipdfmx'...
Rule 'xdvipdfmx':  Reasons for rerun
Changed files or newly in use/created:
  continuous_computational_mathematics.xdv
Category 'changed_source_rules':
  xelatex
Category 'no_dest':
  xdvipdfmx

------------
Run number 1 of rule 'xdvipdfmx'
------------
------------
Running 'xdvipdfmx -E -o "continuous_computational_mathematics.pdf"  "continuous_computational_mathematics.xdv"'
------------
continuous_computational_mathematics.xdv -> continuous_computational_mathematics.pdf
[1][2
xdvipdfmx:warning: Object @page.i already defined.
][3][4][5][6][7][8][9][10][11][12][13][14][15][16][17][18][19][20][21][22][23][24][25][26][27][28][29][30][31][32][33][34][35][36][37][38][39][40][41][42][43][44][45][46][47][48][49][50][51][52][53][54][55][56][57][58][59][60][61][62][63][64][65][66]
900713 bytes written
Latexmk: All targets (continuous_computational_mathematics.xdv continuous_computational_mathematics.pdf) are up-to-date

