Rc files read:
  NONE
Latexmk: This is Latexmk, John Collins, 31 Jan. 2024. Version 4.83.
No existing .aux file, so I'll make a simple one, and require run of *latex.
Latexmk: applying rule 'xelatex'...
Rule 'xelatex':  Reasons for rerun
Category 'other':
  Rerun of 'xelatex' forced or previously required:
    Reason or flag: 'Initial setup'

------------
Run number 1 of rule 'xelatex'
------------
------------
Running 'xelatex -no-pdf -synctex=1 -interaction=batchmode -file-line-error -shell-escape -recorder  "measure_theory.tex"'
------------
This is XeTeX, Version 3.141592653-2.6-0.999996 (TeX Live 2024) (preloaded format=xelatex)
 \write18 enabled.
entering extended mode

SyncTeX written on measure_theory.synctex.gz.Latexmk: Missing input file 'measure_theory.toc' (or dependence on it) from following:
  No file measure_theory.toc.
Latexmk: Getting log file 'measure_theory.log'
Latexmk: Examining 'measure_theory.fls'
Latexmk: Examining 'measure_theory.log'
Latexmk: References changed.
Latexmk: References changed.
Latexmk: References changed.
Latexmk: Log file says output to 'measure_theory.xdv'
Latexmk: applying rule 'xelatex'...
Rule 'xelatex':  Reasons for rerun
Changed files or newly in use/created:
  measure_theory.aux
  measure_theory.out
  measure_theory.toc

------------
Run number 2 of rule 'xelatex'
------------
------------
Running 'xelatex -no-pdf -synctex=1 -interaction=batchmode -file-line-error -shell-escape -recorder  "measure_theory.tex"'
------------
This is XeTeX, Version 3.141592653-2.6-0.999996 (TeX Live 2024) (preloaded format=xelatex)
 \write18 enabled.
entering extended mode

SyncTeX written on measure_theory.synctex.gz.Latexmk: Getting log file 'measure_theory.log'
Latexmk: Examining 'measure_theory.fls'
Latexmk: Examining 'measure_theory.log'
Latexmk: Log file says output to 'measure_theory.xdv'
Latexmk: applying rule 'xdvipdfmx'...
Rule 'xdvipdfmx':  Reasons for rerun
Changed files or newly in use/created:
  measure_theory.xdv
Category 'changed_source_rules':
  xelatex
Category 'no_dest':
  xdvipdfmx

------------
Run number 1 of rule 'xdvipdfmx'
------------
------------
Running 'xdvipdfmx -E -o "measure_theory.pdf"  "measure_theory.xdv"'
------------
measure_theory.xdv -> measure_theory.pdf
[1][2
xdvipdfmx:warning: Object @page.i already defined.
][3][4][5][6][7][8][9]
93218 bytes written
Latexmk: ====Undefined refs and citations with line #s in .tex file:
  Missing character: There is no ’ ("2019) in font ec-lmr10!
Latexmk: Summary of warnings from last run of *latex:
  =====Latex reported missing or unavailable character(s).
=====See log file for details.
Latexmk: Errors, in force_mode: so I tried finishing targets
Collected error summary (may duplicate other messages):
  xelatex: Command for 'xelatex' gave return code 1
      Refer to 'measure_theory.log' and/or above output for details

