Rc files read:
  NONE
Latexmk: This is Latexmk, John Collins, 31 Jan. 2024. Version 4.83.
No existing .aux file, so I'll make a simple one, and require run of *latex.
Latexmk: applying rule 'xelatex'...
Rule 'xelatex':  Reasons for rerun
Category 'other':
  Rerun of 'xelatex' forced or previously required:
    Reason or flag: 'Initial setup'

------------
Run number 1 of rule 'xelatex'
------------
------------
Running 'xelatex -no-pdf -synctex=1 -interaction=batchmode -file-line-error -shell-escape -recorder  "continuous_computational_mathematics.tex"'
------------
This is XeTeX, Version 3.141592653-2.6-0.999996 (TeX Live 2024) (preloaded format=xelatex)
 \write18 enabled.
entering extended mode

SyncTeX written on continuous_computational_mathematics.synctex.gz.Latexmk: Missing input file 'continuous_computational_mathematics.toc' (or dependence on it) from following:
  No file continuous_computational_mathematics.toc.
Latexmk: Getting log file 'continuous_computational_mathematics.log'
Latexmk: Examining 'continuous_computational_mathematics.fls'
Latexmk: Examining 'continuous_computational_mathematics.log'
Latexmk: References changed.
Latexmk: Log file says output to 'continuous_computational_mathematics.xdv'
Latexmk: Log file says output to 'continuous_computational_mathematics.xdv'
Latexmk: applying rule 'xelatex'...
Rule 'xelatex':  Reasons for rerun
Changed files or newly in use/created:
  continuous_computational_mathematics.aux
  continuous_computational_mathematics.toc

------------
Run number 2 of rule 'xelatex'
------------
------------
Running 'xelatex -no-pdf -synctex=1 -interaction=batchmode -file-line-error -shell-escape -recorder  "continuous_computational_mathematics.tex"'
------------
This is XeTeX, Version 3.141592653-2.6-0.999996 (TeX Live 2024) (preloaded format=xelatex)
 \write18 enabled.
entering extended mode

SyncTeX written on continuous_computational_mathematics.synctex.gz.Latexmk: Getting log file 'continuous_computational_mathematics.log'
Latexmk: Examining 'continuous_computational_mathematics.fls'
Latexmk: Examining 'continuous_computational_mathematics.log'
Latexmk: Log file says output to 'continuous_computational_mathematics.xdv'
Latexmk: Log file says output to 'continuous_computational_mathematics.xdv'
Latexmk: applying rule 'xelatex'...
Rule 'xelatex':  Reasons for rerun
Changed files or newly in use/created:
  continuous_computational_mathematics-measure.aux
  continuous_computational_mathematics.out

------------
Run number 3 of rule 'xelatex'
------------
------------
Running 'xelatex -no-pdf -synctex=1 -interaction=batchmode -file-line-error -shell-escape -recorder  "continuous_computational_mathematics.tex"'
------------
This is XeTeX, Version 3.141592653-2.6-0.999996 (TeX Live 2024) (preloaded format=xelatex)
 \write18 enabled.
entering extended mode

SyncTeX written on continuous_computational_mathematics.synctex.gz.Latexmk: Getting log file 'continuous_computational_mathematics.log'
Latexmk: Examining 'continuous_computational_mathematics.fls'
Latexmk: Examining 'continuous_computational_mathematics.log'
Latexmk: Log file says output to 'continuous_computational_mathematics.xdv'
Latexmk: Log file says output to 'continuous_computational_mathematics.xdv'
Latexmk: applying rule 'xdvipdfmx'...
Rule 'xdvipdfmx':  Reasons for rerun
Changed files or newly in use/created:
  continuous_computational_mathematics.xdv
Category 'changed_source_rules':
  xelatex
Category 'no_dest':
  xdvipdfmx

------------
Run number 1 of rule 'xdvipdfmx'
------------
------------
Running 'xdvipdfmx -E -o "continuous_computational_mathematics.pdf"  "continuous_computational_mathematics.xdv"'
------------
continuous_computational_mathematics.xdv -> continuous_computational_mathematics.pdf
[1][2
xdvipdfmx:warning: Object @page.i already defined.
][3][4][5][6][7][8][9]
166859 bytes written
Latexmk: Errors, in force_mode: so I tried finishing targets
Collected error summary (may duplicate other messages):
  xelatex: Command for 'xelatex' gave return code 1
      Refer to 'continuous_computational_mathematics.log' and/or above output for details

