This is XeTeX, Version 3.141592653-2.6-0.999996 (TeX Live 2024) (preloaded format=xelatex 2025.3.7)  9 SEP 2026 16:22
entering extended mode
 \write18 enabled.
 file:line:error style messages enabled.
 %&-line parsing enabled.
**mathematical_physics_and_computation.tex
(./mathematical_physics_and_computation.tex
LaTeX2e <2023-11-01> patch level 1
L3 programming layer <2024-02-20>
(/usr/local/texlive/2024/texmf-dist/tex/latex/base/book.cls
Document Class: book 2023/05/17 v1.4n Standard LaTeX document class
(/usr/local/texlive/2024/texmf-dist/tex/latex/base/bk11.clo
File: bk11.clo 2023/05/17 v1.4n Standard LaTeX file (size option)
)
\c@part=\count184
\c@chapter=\count185
\c@section=\count186
\c@subsection=\count187
\c@subsubsection=\count188
\c@paragraph=\count189
\c@subparagraph=\count190
\c@figure=\count191
\c@table=\count192
\abovecaptionskip=\skip48
\belowcaptionskip=\skip49
\bibindent=\dimen140
) (/usr/local/texlive/2024/texmf-dist/tex/latex/geometry/geometry.sty
Package: geometry 2020/01/02 v5.9 Page Geometry
(/usr/local/texlive/2024/texmf-dist/tex/latex/graphics/keyval.sty
Package: keyval 2022/05/29 v1.15 key=value parser (DPC)
\KV@toks@=\toks17
) (/usr/local/texlive/2024/texmf-dist/tex/generic/iftex/ifvtex.sty
Package: ifvtex 2019/10/25 v1.7 ifvtex legacy package. Use iftex instead.
(/usr/local/texlive/2024/texmf-dist/tex/generic/iftex/iftex.sty
Package: iftex 2022/02/03 v1.0f TeX engine tests
))
\Gm@cnth=\count193
\Gm@cntv=\count194
\c@Gm@tempcnt=\count195
\Gm@bindingoffset=\dimen141
\Gm@wd@mp=\dimen142
\Gm@odd@mp=\dimen143
\Gm@even@mp=\dimen144
\Gm@layoutwidth=\dimen145
\Gm@layoutheight=\dimen146
\Gm@layouthoffset=\dimen147
\Gm@layoutvoffset=\dimen148
\Gm@dimlist=\toks18
) (/usr/local/texlive/2024/texmf-dist/tex/latex/base/fontenc.sty
Package: fontenc 2021/04/29 v2.0v Standard LaTeX package
LaTeX Font Info:    Trying to load font information for T1+lmr on input line 11
2.
(/usr/local/texlive/2024/texmf-dist/tex/latex/lm/t1lmr.fd
File: t1lmr.fd 2015/05/01 v1.6.1 Font defs for Latin Modern
)) (/usr/local/texlive/2024/texmf-dist/tex/latex/base/inputenc.sty
Package: inputenc 2021/02/14 v1.3d Input encoding file
\inpenc@prehook=\toks19
\inpenc@posthook=\toks20

Package inputenc Warning: inputenc package ignored with utf8 based engines.

) (/usr/local/texlive/2024/texmf-dist/tex/latex/lm/lmodern.sty
Package: lmodern 2015/05/01 v1.6.1 Latin Modern Fonts
LaTeX Font Info:    Overwriting symbol font `operators' in version `normal'
(Font)                  OT1/cmr/m/n --> OT1/lmr/m/n on input line 22.
LaTeX Font Info:    Overwriting symbol font `letters' in version `normal'
(Font)                  OML/cmm/m/it --> OML/lmm/m/it on input line 23.
LaTeX Font Info:    Overwriting symbol font `symbols' in version `normal'
(Font)                  OMS/cmsy/m/n --> OMS/lmsy/m/n on input line 24.
LaTeX Font Info:    Overwriting symbol font `largesymbols' in version `normal'
(Font)                  OMX/cmex/m/n --> OMX/lmex/m/n on input line 25.
LaTeX Font Info:    Overwriting symbol font `operators' in version `bold'
(Font)                  OT1/cmr/bx/n --> OT1/lmr/bx/n on input line 26.
LaTeX Font Info:    Overwriting symbol font `letters' in version `bold'
(Font)                  OML/cmm/b/it --> OML/lmm/b/it on input line 27.
LaTeX Font Info:    Overwriting symbol font `symbols' in version `bold'
(Font)                  OMS/cmsy/b/n --> OMS/lmsy/b/n on input line 28.
LaTeX Font Info:    Overwriting symbol font `largesymbols' in version `bold'
(Font)                  OMX/cmex/m/n --> OMX/lmex/m/n on input line 29.
LaTeX Font Info:    Overwriting math alphabet `\mathbf' in version `normal'
(Font)                  OT1/cmr/bx/n --> OT1/lmr/bx/n on input line 31.
LaTeX Font Info:    Overwriting math alphabet `\mathsf' in version `normal'
(Font)                  OT1/cmss/m/n --> OT1/lmss/m/n on input line 32.
LaTeX Font Info:    Overwriting math alphabet `\mathit' in version `normal'
(Font)                  OT1/cmr/m/it --> OT1/lmr/m/it on input line 33.
LaTeX Font Info:    Overwriting math alphabet `\mathtt' in version `normal'
(Font)                  OT1/cmtt/m/n --> OT1/lmtt/m/n on input line 34.
LaTeX Font Info:    Overwriting math alphabet `\mathbf' in version `bold'
(Font)                  OT1/cmr/bx/n --> OT1/lmr/bx/n on input line 35.
LaTeX Font Info:    Overwriting math alphabet `\mathsf' in version `bold'
(Font)                  OT1/cmss/bx/n --> OT1/lmss/bx/n on input line 36.
LaTeX Font Info:    Overwriting math alphabet `\mathit' in version `bold'
(Font)                  OT1/cmr/bx/it --> OT1/lmr/bx/it on input line 37.
LaTeX Font Info:    Overwriting math alphabet `\mathtt' in version `bold'
(Font)                  OT1/cmtt/m/n --> OT1/lmtt/m/n on input line 38.
) (/usr/local/texlive/2024/texmf-dist/tex/latex/graphics/graphicx.sty
Package: graphicx 2021/09/16 v1.2d Enhanced LaTeX Graphics (DPC,SPQR)
(/usr/local/texlive/2024/texmf-dist/tex/latex/graphics/graphics.sty
Package: graphics 2022/03/10 v1.4e Standard LaTeX Graphics (DPC,SPQR)
(/usr/local/texlive/2024/texmf-dist/tex/latex/graphics/trig.sty
Package: trig 2021/08/11 v1.11 sin cos tan (DPC)
) (/usr/local/texlive/2024/texmf-dist/tex/latex/graphics-cfg/graphics.cfg
File: graphics.cfg 2016/06/04 v1.11 sample graphics configuration
)
Package graphics Info: Driver file: xetex.def on input line 107.
(/usr/local/texlive/2024/texmf-dist/tex/latex/graphics-def/xetex.def
File: xetex.def 2022/09/22 v5.0n Graphics/color driver for xetex
))
\Gin@req@height=\dimen149
\Gin@req@width=\dimen150
) (/usr/local/texlive/2024/texmf-dist/tex/latex/caption/caption.sty
Package: caption 2023/08/05 v3.6o Customizing captions (AR)
(/usr/local/texlive/2024/texmf-dist/tex/latex/caption/caption3.sty
Package: caption3 2023/07/31 v2.4d caption3 kernel (AR)
\caption@tempdima=\dimen151
\captionmargin=\dimen152
\caption@leftmargin=\dimen153
\caption@rightmargin=\dimen154
\caption@width=\dimen155
\caption@indent=\dimen156
\caption@parindent=\dimen157
\caption@hangindent=\dimen158
Package caption Info: Standard document class detected.
)
\c@caption@flags=\count196
\c@continuedfloat=\count197
) (/usr/local/texlive/2024/texmf-dist/tex/latex/natbib/natbib.sty
Package: natbib 2010/09/13 8.31b (PWD, AO)
\bibhang=\skip50
\bibsep=\skip51
LaTeX Info: Redefining \cite on input line 694.
\c@NAT@ctr=\count198
) (/usr/local/texlive/2024/texmf-dist/tex/latex/xcolor/xcolor.sty
Package: xcolor 2023/11/15 v3.01 LaTeX color extensions (UK)
(/usr/local/texlive/2024/texmf-dist/tex/latex/graphics-cfg/color.cfg
File: color.cfg 2016/01/02 v1.6 sample color configuration
)
Package xcolor Info: Driver file: xetex.def on input line 274.
(/usr/local/texlive/2024/texmf-dist/tex/latex/graphics/mathcolor.ltx)
Package xcolor Info: Model `cmy' substituted by `cmy0' on input line 1350.
Package xcolor Info: Model `RGB' extended on input line 1366.
Package xcolor Info: Model `HTML' substituted by `rgb' on input line 1368.
Package xcolor Info: Model `Hsb' substituted by `hsb' on input line 1369.
Package xcolor Info: Model `tHsb' substituted by `hsb' on input line 1370.
Package xcolor Info: Model `HSB' substituted by `hsb' on input line 1371.
Package xcolor Info: Model `Gray' substituted by `gray' on input line 1372.
Package xcolor Info: Model `wave' substituted by `hsb' on input line 1373.
) (/usr/local/texlive/2024/texmf-dist/tex/latex/changepage/changepage.sty
Package: changepage 2009/10/20 v1.0c check page and change page layout
\c@cp@cntr=\count199
\cp@tempcnt=\count266
) (/usr/local/texlive/2024/texmf-dist/tex/latex/framed/framed.sty
Package: framed 2011/10/22 v 0.96: framed or shaded text with page breaks
\OuterFrameSep=\skip52
\fb@frw=\dimen159
\fb@frh=\dimen160
\FrameRule=\dimen161
\FrameSep=\dimen162
) (/usr/local/texlive/2024/texmf-dist/tex/latex/hyperref/hyperref.sty
Package: hyperref 2024-01-20 v7.01h Hypertext links for LaTeX
(/usr/local/texlive/2024/texmf-dist/tex/latex/kvsetkeys/kvsetkeys.sty
Package: kvsetkeys 2022-10-05 v1.19 Key value parser (HO)
) (/usr/local/texlive/2024/texmf-dist/tex/generic/kvdefinekeys/kvdefinekeys.sty
Package: kvdefinekeys 2019-12-19 v1.6 Define keys (HO)
) (/usr/local/texlive/2024/texmf-dist/tex/generic/pdfescape/pdfescape.sty
Package: pdfescape 2019/12/09 v1.15 Implements pdfTeX's escape features (HO)
(/usr/local/texlive/2024/texmf-dist/tex/generic/ltxcmds/ltxcmds.sty
Package: ltxcmds 2023-12-04 v1.26 LaTeX kernel commands for general use (HO)
) (/usr/local/texlive/2024/texmf-dist/tex/generic/pdftexcmds/pdftexcmds.sty
Package: pdftexcmds 2020-06-27 v0.33 Utility functions of pdfTeX for LuaTeX (HO
)
(/usr/local/texlive/2024/texmf-dist/tex/generic/infwarerr/infwarerr.sty
Package: infwarerr 2019/12/03 v1.5 Providing info/warning/error messages (HO)
)
Package pdftexcmds Info: \pdf@primitive is available.
Package pdftexcmds Info: \pdf@ifprimitive is available.
Package pdftexcmds Info: \pdfdraftmode not found.
)) (/usr/local/texlive/2024/texmf-dist/tex/latex/hycolor/hycolor.sty
Package: hycolor 2020-01-27 v1.10 Color options for hyperref/bookmark (HO)
) (/usr/local/texlive/2024/texmf-dist/tex/latex/auxhook/auxhook.sty
Package: auxhook 2019-12-17 v1.6 Hooks for auxiliary files (HO)
) (/usr/local/texlive/2024/texmf-dist/tex/latex/hyperref/nameref.sty
Package: nameref 2023-11-26 v2.56 Cross-referencing by name of section
(/usr/local/texlive/2024/texmf-dist/tex/latex/refcount/refcount.sty
Package: refcount 2019/12/15 v3.6 Data extraction from label references (HO)
)
(/usr/local/texlive/2024/texmf-dist/tex/generic/gettitlestring/gettitlestring.s
ty
Package: gettitlestring 2019/12/15 v1.6 Cleanup title references (HO)
(/usr/local/texlive/2024/texmf-dist/tex/latex/kvoptions/kvoptions.sty
Package: kvoptions 2022-06-15 v3.15 Key value format for package options (HO)
))
\c@section@level=\count267
) (/usr/local/texlive/2024/texmf-dist/tex/latex/etoolbox/etoolbox.sty
Package: etoolbox 2020/10/05 v2.5k e-TeX tools for LaTeX (JAW)
\etb@tempcnta=\count268
)
\@linkdim=\dimen163
\Hy@linkcounter=\count269
\Hy@pagecounter=\count270
(/usr/local/texlive/2024/texmf-dist/tex/latex/hyperref/pd1enc.def
File: pd1enc.def 2024-01-20 v7.01h Hyperref: PDFDocEncoding definition (HO)
) (/usr/local/texlive/2024/texmf-dist/tex/generic/intcalc/intcalc.sty
Package: intcalc 2019/12/15 v1.3 Expandable calculations with integers (HO)
)
\Hy@SavedSpaceFactor=\count271
(/usr/local/texlive/2024/texmf-dist/tex/latex/hyperref/puenc.def
File: puenc.def 2024-01-20 v7.01h Hyperref: PDF Unicode definition (HO)
)
Package hyperref Info: Hyper figures OFF on input line 4179.
Package hyperref Info: Link nesting OFF on input line 4184.
Package hyperref Info: Hyper index ON on input line 4187.
Package hyperref Info: Plain pages OFF on input line 4194.
Package hyperref Info: Backreferencing OFF on input line 4199.
Package hyperref Info: Implicit mode ON; LaTeX internals redefined.
Package hyperref Info: Bookmarks ON on input line 4446.
\c@Hy@tempcnt=\count272
(/usr/local/texlive/2024/texmf-dist/tex/latex/url/url.sty
\Urlmuskip=\muskip16
Package: url 2013/09/16  ver 3.4  Verb mode for urls, etc.
)
LaTeX Info: Redefining \url on input line 4784.
\XeTeXLinkMargin=\dimen164
(/usr/local/texlive/2024/texmf-dist/tex/generic/bitset/bitset.sty
Package: bitset 2019/12/09 v1.3 Handle bit-vector datatype (HO)
(/usr/local/texlive/2024/texmf-dist/tex/generic/bigintcalc/bigintcalc.sty
Package: bigintcalc 2019/12/15 v1.5 Expandable calculations on big integers (HO
)
))
\Fld@menulength=\count273
\Field@Width=\dimen165
\Fld@charsize=\dimen166
Package hyperref Info: Hyper figures OFF on input line 6063.
Package hyperref Info: Link nesting OFF on input line 6068.
Package hyperref Info: Hyper index ON on input line 6071.
Package hyperref Info: backreferencing OFF on input line 6078.
Package hyperref Info: Link coloring OFF on input line 6083.
Package hyperref Info: Link coloring with OCG OFF on input line 6088.
Package hyperref Info: PDF/A mode OFF on input line 6093.
(/usr/local/texlive/2024/texmf-dist/tex/latex/base/atbegshi-ltx.sty
Package: atbegshi-ltx 2021/01/10 v1.0c Emulation of the original atbegshi
package with kernel methods
)
\Hy@abspage=\count274
\c@Item=\count275
\c@Hfootnote=\count276
)
Package hyperref Info: Driver (autodetected): hxetex.
(/usr/local/texlive/2024/texmf-dist/tex/latex/hyperref/hxetex.def
File: hxetex.def 2024-01-20 v7.01h Hyperref driver for XeTeX
(/usr/local/texlive/2024/texmf-dist/tex/generic/stringenc/stringenc.sty
Package: stringenc 2019/11/29 v1.12 Convert strings between diff. encodings (HO
)
)
\pdfm@box=\box51
\c@Hy@AnnotLevel=\count277
\HyField@AnnotCount=\count278
\Fld@listcount=\count279
\c@bookmark@seq@number=\count280

(/usr/local/texlive/2024/texmf-dist/tex/latex/rerunfilecheck/rerunfilecheck.sty
Package: rerunfilecheck 2022-07-10 v1.10 Rerun checks for auxiliary files (HO)
(/usr/local/texlive/2024/texmf-dist/tex/latex/base/atveryend-ltx.sty
Package: atveryend-ltx 2020/08/19 v1.0a Emulation of the original atveryend pac
kage
with kernel methods
)
(/usr/local/texlive/2024/texmf-dist/tex/generic/uniquecounter/uniquecounter.sty
Package: uniquecounter 2019/12/15 v1.4 Provide unlimited unique counter (HO)
)
Package uniquecounter Info: New unique counter `rerunfilecheck' on input line 2
85.
)
\Hy@SectionHShift=\skip53
) (/usr/local/texlive/2024/texmf-dist/tex/latex/amsfonts/amssymb.sty
Package: amssymb 2013/01/14 v3.01 AMS font symbols
(/usr/local/texlive/2024/texmf-dist/tex/latex/amsfonts/amsfonts.sty
Package: amsfonts 2013/01/14 v3.01 Basic AMSFonts support
\@emptytoks=\toks21
\symAMSa=\mathgroup4
\symAMSb=\mathgroup5
LaTeX Font Info:    Redeclaring math symbol \hbar on input line 98.
LaTeX Font Info:    Overwriting math alphabet `\mathfrak' in version `bold'
(Font)                  U/euf/m/n --> U/euf/b/n on input line 106.
)) (/usr/local/texlive/2024/texmf-dist/tex/latex/enumitem/enumitem.sty
Package: enumitem 2019/06/20 v3.9 Customized lists
\labelindent=\skip54
\enit@outerparindent=\dimen167
\enit@toks=\toks22
\enit@inbox=\box52
\enit@count@id=\count281
\enitdp@description=\count282
) (/usr/local/texlive/2024/texmf-dist/tex/latex/amsmath/amsmath.sty
Package: amsmath 2023/05/13 v2.17o AMS math features
\@mathmargin=\skip55
For additional information on amsmath, use the `?' option.
(/usr/local/texlive/2024/texmf-dist/tex/latex/amsmath/amstext.sty
Package: amstext 2021/08/26 v2.01 AMS text
(/usr/local/texlive/2024/texmf-dist/tex/latex/amsmath/amsgen.sty
File: amsgen.sty 1999/11/30 v2.0 generic functions
\@emptytoks=\toks23
\ex@=\dimen168
)) (/usr/local/texlive/2024/texmf-dist/tex/latex/amsmath/amsbsy.sty
Package: amsbsy 1999/11/29 v1.2d Bold Symbols
\pmbraise@=\dimen169
) (/usr/local/texlive/2024/texmf-dist/tex/latex/amsmath/amsopn.sty
Package: amsopn 2022/04/08 v2.04 operator names
)
\inf@bad=\count283
LaTeX Info: Redefining \frac on input line 234.
\uproot@=\count284
\leftroot@=\count285
LaTeX Info: Redefining \overline on input line 399.
LaTeX Info: Redefining \colon on input line 410.
\classnum@=\count286
\DOTSCASE@=\count287
LaTeX Info: Redefining \ldots on input line 496.
LaTeX Info: Redefining \dots on input line 499.
LaTeX Info: Redefining \cdots on input line 620.
\Mathstrutbox@=\box53
\strutbox@=\box54
LaTeX Info: Redefining \big on input line 722.
LaTeX Info: Redefining \Big on input line 723.
LaTeX Info: Redefining \bigg on input line 724.
LaTeX Info: Redefining \Bigg on input line 725.
\big@size=\dimen170
LaTeX Font Info:    Redeclaring font encoding OML on input line 743.
LaTeX Font Info:    Redeclaring font encoding OMS on input line 744.
\macc@depth=\count288
LaTeX Info: Redefining \bmod on input line 905.
LaTeX Info: Redefining \pmod on input line 910.
LaTeX Info: Redefining \smash on input line 940.
LaTeX Info: Redefining \relbar on input line 970.
LaTeX Info: Redefining \Relbar on input line 971.
\c@MaxMatrixCols=\count289
\dotsspace@=\muskip17
\c@parentequation=\count290
\dspbrk@lvl=\count291
\tag@help=\toks24
\row@=\count292
\column@=\count293
\maxfields@=\count294
\andhelp@=\toks25
\eqnshift@=\dimen171
\alignsep@=\dimen172
\tagshift@=\dimen173
\tagwidth@=\dimen174
\totwidth@=\dimen175
\lineht@=\dimen176
\@envbody=\toks26
\multlinegap=\skip56
\multlinetaggap=\skip57
\mathdisplay@stack=\toks27
LaTeX Info: Redefining \[ on input line 2953.
LaTeX Info: Redefining \] on input line 2954.
) (/usr/local/texlive/2024/texmf-dist/tex/latex/amscls/amsthm.sty
Package: amsthm 2020/05/29 v2.20.6
\thm@style=\toks28
\thm@bodyfont=\toks29
\thm@headfont=\toks30
\thm@notefont=\toks31
\thm@headpunct=\toks32
\thm@preskip=\skip58
\thm@postskip=\skip59
\thm@headsep=\skip60
\dth@everypar=\toks33
)
\c@theorem=\count295
\c@corollary=\count296
\c@proposition=\count297
\c@definition=\count298
\c@example=\count299
\c@remark=\count300
\c@axiom=\count301
\c@conjecture=\count302
\c@observation=\count303
Package hyperref Info: Option `colorlinks' set `true' on input line 48.
(/usr/local/texlive/2024/texmf-dist/tex/latex/l3backend/l3backend-xetex.def
File: l3backend-xetex.def 2024-02-20 L3 backend support: XeTeX
\g__graphics_track_int=\count304
\l__pdf_internal_box=\box55
\g__pdf_backend_object_int=\count305
\g__pdf_backend_annotation_int=\count306
\g__pdf_backend_link_int=\count307
) (./mathematical_physics_and_computation.aux (./mathematical_physics_and_compu
tation-linear-operators.aux) (./mathematical_physics_and_computation-inner-prod
uct-space.aux) (./mathematical_physics_and_computation-linear-operators-1.aux) 
(./mathematical_physics_and_computation-linear-differential-operator.aux) (./ma
thematical_physics_and_computation-inner-product-space-1.aux) (./mathematical_p
hysics_and_computation-euler-lagrange-equation.aux))
\openout1 = `mathematical_physics_and_computation.aux'.

LaTeX Font Info:    Checking defaults for OML/cmm/m/it on input line 72.
LaTeX Font Info:    ... okay on input line 72.
LaTeX Font Info:    Checking defaults for OMS/cmsy/m/n on input line 72.
LaTeX Font Info:    ... okay on input line 72.
LaTeX Font Info:    Checking defaults for OT1/cmr/m/n on input line 72.
LaTeX Font Info:    ... okay on input line 72.
LaTeX Font Info:    Checking defaults for T1/cmr/m/n on input line 72.
LaTeX Font Info:    ... okay on input line 72.
LaTeX Font Info:    Checking defaults for TS1/cmr/m/n on input line 72.
LaTeX Font Info:    Trying to load font information for TS1+cmr on input line 7
2.
(/usr/local/texlive/2024/texmf-dist/tex/latex/base/ts1cmr.fd
File: ts1cmr.fd 2023/04/13 v2.5m Standard LaTeX font definitions
)
LaTeX Font Info:    ... okay on input line 72.
LaTeX Font Info:    Checking defaults for TU/lmr/m/n on input line 72.
LaTeX Font Info:    ... okay on input line 72.
LaTeX Font Info:    Checking defaults for OMX/cmex/m/n on input line 72.
LaTeX Font Info:    ... okay on input line 72.
LaTeX Font Info:    Checking defaults for U/cmr/m/n on input line 72.
LaTeX Font Info:    ... okay on input line 72.
LaTeX Font Info:    Checking defaults for PD1/pdf/m/n on input line 72.
LaTeX Font Info:    ... okay on input line 72.
LaTeX Font Info:    Checking defaults for PU/pdf/m/n on input line 72.
LaTeX Font Info:    ... okay on input line 72.
*geometry* driver: auto-detecting
*geometry* detected driver: xetex
*geometry* verbose mode - [ preamble ] result:
* driver: xetex
* paper: a4paper
* layout: <same size as paper>
* layoutoffset:(h,v)=(0.0pt,0.0pt)
* modes: 
* h-part:(L,W,R)=(56.9055pt, 483.69687pt, 56.9055pt)
* v-part:(T,H,B)=(56.9055pt, 731.23584pt, 56.9055pt)
* \paperwidth=597.50787pt
* \paperheight=845.04684pt
* \textwidth=483.69687pt
* \textheight=731.23584pt
* \oddsidemargin=-15.36449pt
* \evensidemargin=-15.36449pt
* \topmargin=-47.23828pt
* \headheight=12.0pt
* \headsep=19.8738pt
* \topskip=11.0pt
* \footskip=27.46295pt
* \marginparwidth=53.0pt
* \marginparsep=7.0pt
* \columnsep=10.0pt
* \skip\footins=10.0pt plus 4.0pt minus 2.0pt
* \hoffset=0.0pt
* \voffset=0.0pt
* \mag=1000
* \@twocolumnfalse
* \@twosidefalse
* \@mparswitchfalse
* \@reversemarginfalse
* (1in=72.27pt=25.4mm, 1cm=28.453pt)

Package caption Info: Begin \AtBeginDocument code.
Package caption Info: changepage package is loaded.
\caption@adjustwidth@hsize=\dimen177
\caption@adjustwidth@linewidth=\dimen178
Package caption Info: hyperref package is loaded.
Package caption Info: End \AtBeginDocument code.
Package hyperref Info: Link coloring ON on input line 72.
(./mathematical_physics_and_computation.out) (./mathematical_physics_and_comput
ation.out)
\@outlinefile=\write3
\openout3 = `mathematical_physics_and_computation.out'.

LaTeX Font Info:    Trying to load font information for OT1+lmr on input line 7
7.
(/usr/local/texlive/2024/texmf-dist/tex/latex/lm/ot1lmr.fd
File: ot1lmr.fd 2015/05/01 v1.6.1 Font defs for Latin Modern
)
LaTeX Font Info:    Trying to load font information for OML+lmm on input line 7
7.
(/usr/local/texlive/2024/texmf-dist/tex/latex/lm/omllmm.fd
File: omllmm.fd 2015/05/01 v1.6.1 Font defs for Latin Modern
)
LaTeX Font Info:    Trying to load font information for OMS+lmsy on input line 
77.
(/usr/local/texlive/2024/texmf-dist/tex/latex/lm/omslmsy.fd
File: omslmsy.fd 2015/05/01 v1.6.1 Font defs for Latin Modern
)
LaTeX Font Info:    Trying to load font information for OMX+lmex on input line 
77.
(/usr/local/texlive/2024/texmf-dist/tex/latex/lm/omxlmex.fd
File: omxlmex.fd 2015/05/01 v1.6.1 Font defs for Latin Modern
)
LaTeX Font Info:    External font `lmex10' loaded for size
(Font)              <12> on input line 77.
LaTeX Font Info:    External font `lmex10' loaded for size
(Font)              <8> on input line 77.
LaTeX Font Info:    External font `lmex10' loaded for size
(Font)              <6> on input line 77.
LaTeX Font Info:    Trying to load font information for U+msa on input line 77.

(/usr/local/texlive/2024/texmf-dist/tex/latex/amsfonts/umsa.fd
File: umsa.fd 2013/01/14 v3.01 AMS symbols A
)
LaTeX Font Info:    Trying to load font information for U+msb on input line 77.

(/usr/local/texlive/2024/texmf-dist/tex/latex/amsfonts/umsb.fd
File: umsb.fd 2013/01/14 v3.01 AMS symbols B
) [1



] (./mathematical_physics_and_computation.toc)
\tf@toc=\write4
\openout4 = `mathematical_physics_and_computation.toc'.

[1

] [1

]
\openout2 = `mathematical_physics_and_computation-linear-operators.aux'.

(./mathematical_physics_and_computation-linear-operators.tex
LaTeX Font Info:    External font `lmex10' loaded for size
(Font)              <10.95> on input line 5.
) [2

]
\openout2 = `mathematical_physics_and_computation-inner-product-space.aux'.

(./mathematical_physics_and_computation-inner-product-space.tex
./mathematical_physics_and_computation-inner-product-space.tex:36: Misplaced al
ignment tab character &.
l.36 ... \alpha \rangle \langle \beta, y \rangle &
                                                  =
I can't figure out why you would want to use a tab mark
here. If you just want an ampersand, the remedy is
simple: Just type `I\&' now. But if some right brace
up above has ended a previous alignment prematurely,
you're probably due for more error messages, and you
might try typing `S' now just to see what is salvageable.

./mathematical_physics_and_computation-inner-product-space.tex:49: Misplaced al
ignment tab character &.
<recently read> &
                 
l.49 &
      =
I can't figure out why you would want to use a tab mark
here. If you just want an ampersand, the remedy is
simple: Just type `I\&' now. But if some right brace
up above has ended a previous alignment prematurely,
you're probably due for more error messages, and you
might try typing `S' now just to see what is salvageable.


Overfull \hbox (10.1802pt too wide) detected at line 61
[][][]\OMS/lmsy/m/n/10.95 h\OML/lmm/m/it/10.95 x; ^^K\OMS/lmsy/m/n/10.95 ih\OML
/lmm/m/it/10.95 ^^L; y\OMS/lmsy/m/n/10.95 i \OT1/lmr/m/n/10.95 = [] [] [] [] []
  = [] [] [] [] 
 []

[3



]) [4] [5


]
\openout2 = `mathematical_physics_and_computation-linear-operators-1.aux'.

(./mathematical_physics_and_computation-linear-operators-1.tex [6

]) [7]
\openout2 = `mathematical_physics_and_computation-linear-differential-operator.
aux'.

(./mathematical_physics_and_computation-linear-differential-operator.tex [8



]
\c@mystexercise=\count308
[9]
./mathematical_physics_and_computation-linear-differential-operator.tex:167: Un
defined control sequence.
l.167 W_L &= (-ik)\cancel
                         {-ikr_L\exp(-2ikx) + ikr_L\exp(2ikx)}+ik|r_L|^2  \\
The control sequence at the end of the top line
of your error message was never \def'ed. If you have
misspelled it (e.g., `\hobx'), type `I' and the correct
spelling (e.g., `I\hbox'). Otherwise just continue,
and I'll forget about whatever was undefined.

./mathematical_physics_and_computation-linear-differential-operator.tex:168: Un
defined control sequence.
l.168 &-[ik\cancel
                  {-ikr_K\exp(-2ikx)+ikr_L\exp(2ikx)}-ik|r_L|^2]  \\
The control sequence at the end of the top line
of your error message was never \def'ed. If you have
misspelled it (e.g., `\hobx'), type `I' and the correct
spelling (e.g., `I\hbox'). Otherwise just continue,
and I'll forget about whatever was undefined.

./mathematical_physics_and_computation-linear-differential-operator.tex:199: Mi
splaced alignment tab character &.
l.199 W_L &
           = \begin{vmatrix}
I can't figure out why you would want to use a tab mark
here. If you just want an ampersand, the remedy is
simple: Just type `I\&' now. But if some right brace
up above has ended a previous alignment prematurely,
you're probably due for more error messages, and you
might try typing `S' now just to see what is salvageable.

./mathematical_physics_and_computation-linear-differential-operator.tex:203: Mi
splaced alignment tab character &.
<recently read> &
                 
l.203 &
       = -2ikt_R(-k)
I can't figure out why you would want to use a tab mark
here. If you just want an ampersand, the remedy is
simple: Just type `I\&' now. But if some right brace
up above has ended a previous alignment prematurely,
you're probably due for more error messages, and you
might try typing `S' now just to see what is salvageable.

) [10]
\openout2 = `mathematical_physics_and_computation-inner-product-space-1.aux'.

(./mathematical_physics_and_computation-inner-product-space-1.tex

./mathematical_physics_and_computation-inner-product-space-1.tex:40: LaTeX Erro
r: Not in outer par mode.

See the LaTeX manual or LaTeX Companion for explanation.
Type  H <return>  for immediate help.
 ...                                              
                                                  
l.40 \begin{figure}[!htbp]
                          
You've lost some text.  Try typing  <return>  to proceed.
If that doesn't work, type  X <return>  to quit.

./mathematical_physics_and_computation-inner-product-space-1.tex:40: Undefined 
control sequence.
\caption@ORI@xfloat ... \global \setbox \@currbox 
                                                  \color@vbox \normalcolor \...
l.40 \begin{figure}[!htbp]
                          
The control sequence at the end of the top line
of your error message was never \def'ed. If you have
misspelled it (e.g., `\hobx'), type `I' and the correct
spelling (e.g., `I\hbox'). Otherwise just continue,
and I'll forget about whatever was undefined.

./mathematical_physics_and_computation-inner-product-space-1.tex:40: Missing nu
mber, treated as zero.
<to be read again> 
                   \vbox 
l.40 \begin{figure}[!htbp]
                          
A number should have been here; I inserted `0'.
(If you can't figure out why I needed to see a number,
look up `weird error' in the index to The TeXbook.)

File: files/T'_as_module-12b1670b351dbe8ed5bf4d60d4df5809.png Graphic file (typ
e bmp)
<files/T'_as_module-12b1670b351dbe8ed5bf4d60d4df5809.png>
[11



] [12]
./mathematical_physics_and_computation-inner-product-space-1.tex:195: Undefined
 control sequence.
l.195 &= -\left\{\cancel
                        {\left[yp\frac{dy}{dx}\right]_0^1} - \int p\left(\fr...
The control sequence at the end of the top line
of your error message was never \def'ed. If you have
misspelled it (e.g., `\hobx'), type `I' and the correct
spelling (e.g., `I\hbox'). Otherwise just continue,
and I'll forget about whatever was undefined.

[13]
LaTeX Font Info:    Trying to load font information for T1+lmtt on input line 2
37.
(/usr/local/texlive/2024/texmf-dist/tex/latex/lm/t1lmtt.fd
File: t1lmtt.fd 2015/05/01 v1.6.1 Font defs for Latin Modern
) [14]
LaTeX Font Info:    External font `lmex10' loaded for size
(Font)              <9> on input line 381.
LaTeX Font Info:    External font `lmex10' loaded for size
(Font)              <5> on input line 381.
File: files/sl_evecs-749bd46b634f4b726002411b1a849030.png Graphic file (type bm
p)
<files/sl_evecs-749bd46b634f4b726002411b1a849030.png>
[15]) [16] [17


]
\openout2 = `mathematical_physics_and_computation-euler-lagrange-equation.aux'.

(./mathematical_physics_and_computation-euler-lagrange-equation.tex
Underfull \hbox (badness 10000) in paragraph at lines 18--20

 []

[18

]
File: files/vs-89ee0e6d488b170eecb5d0f3a41cc551.png Graphic file (type bmp)
<files/vs-89ee0e6d488b170eecb5d0f3a41cc551.png>
[19] [20]
./mathematical_physics_and_computation-euler-lagrange-equation.tex:207: Use of 
\@xfootnote doesn't match its definition.
\@ifnextchar ...eserved@d =#1\def \reserved@a {#2}
                                                  \def \reserved@b {#3}\futu...
l.207 W
       e also define:
If you say, e.g., `\def\a1{...}', then you must always
put `1' after `\a', since control sequence names are
made up of letters only. The macro here has not been
followed by the required stuff, so I'm ignoring it.

./mathematical_physics_and_computation-euler-lagrange-equation.tex:207: Argumen
t of \H@old@sect has an extra }.
<inserted text> 
                \par 
l.207 W
       e also define:
I've run across a `}' that doesn't seem to match anything.
For example, `\def\a#1{...}' and `\a}' would produce
this error. If you simply proceed now, the `\par' that
I've just inserted will cause me to report a runaway
argument that might be the root of the problem. But if
your `}' was spurious, just type `2' and it will go away.

Runaway argument?
./mathematical_physics_and_computation-euler-lagrange-equation.tex:207: Paragra
ph ended before \H@old@sect was complete.
<to be read again> 
                   \par 
l.207 W
       e also define:
I suspect you've forgotten a `}', causing me to apply this
control sequence to too much text. How can we recover?
My plan is to forget the whole thing and hope for the best.

./mathematical_physics_and_computation-euler-lagrange-equation.tex:207: Missing
 \endcsname inserted.
<to be read again> 
                   \csname\endcsname 
l.207 W
       e also define:
The control sequence marked <to be read again> should
not appear between \csname and \endcsname.

./mathematical_physics_and_computation-euler-lagrange-equation.tex:207: Missing
 \endcsname inserted.
<to be read again> 
                   \csname\endcsname 
l.207 W
       e also define:
The control sequence marked <to be read again> should
not appear between \csname and \endcsname.

./mathematical_physics_and_computation-euler-lagrange-equation.tex:207: Missing
 \endcsname inserted.
<to be read again> 
                   \csname\endcsname 
l.207 W
       e also define:
The control sequence marked <to be read again> should
not appear between \csname and \endcsname.

./mathematical_physics_and_computation-euler-lagrange-equation.tex:207: Missing
 \endcsname inserted.
<to be read again> 
                   \MessageBreak 
l.207 W
       e also define:
The control sequence marked <to be read again> should
not appear between \csname and \endcsname.

./mathematical_physics_and_computation-euler-lagrange-equation.tex:207: Missing
 \endcsname inserted.
<to be read again> 
                   \csname\endcsname 
l.207 W
       e also define:
The control sequence marked <to be read again> should
not appear between \csname and \endcsname.

./mathematical_physics_and_computation-euler-lagrange-equation.tex:207: Missing
 \endcsname inserted.
<to be read again> 
                   \csname\endcsname 
l.207 W
       e also define:
The control sequence marked <to be read again> should
not appear between \csname and \endcsname.

./mathematical_physics_and_computation-euler-lagrange-equation.tex:207: Missing
 \endcsname inserted.
<to be read again> 
                   \csname\endcsname 
l.207 W
       e also define:
The control sequence marked <to be read again> should
not appear between \csname and \endcsname.

./mathematical_physics_and_computation-euler-lagrange-equation.tex:207: Missing
 \endcsname inserted.
<to be read again> 
                   \MessageBreak 
l.207 W
       e also define:
The control sequence marked <to be read again> should
not appear between \csname and \endcsname.

./mathematical_physics_and_computation-euler-lagrange-equation.tex:207: Missing
 \endcsname inserted.
<to be read again> 
                   \csname\endcsname 
l.207 W
       e also define:
The control sequence marked <to be read again> should
not appear between \csname and \endcsname.

./mathematical_physics_and_computation-euler-lagrange-equation.tex:207: Missing
 \endcsname inserted.
<to be read again> 
                   \csname\endcsname 
l.207 W
       e also define:
The control sequence marked <to be read again> should
not appear between \csname and \endcsname.

./mathematical_physics_and_computation-euler-lagrange-equation.tex:207: Missing
 \endcsname inserted.
<to be read again> 
                   \csname\endcsname 
l.207 W
       e also define:
The control sequence marked <to be read again> should
not appear between \csname and \endcsname.

./mathematical_physics_and_computation-euler-lagrange-equation.tex:207: Missing
 \endcsname inserted.
<to be read again> 
                   \MessageBreak 
l.207 W
       e also define:
The control sequence marked <to be read again> should
not appear between \csname and \endcsname.

./mathematical_physics_and_computation-euler-lagrange-equation.tex:207: Missing
 \endcsname inserted.
<to be read again> 
                   \csname\endcsname 
l.207 W
       e also define:
The control sequence marked <to be read again> should
not appear between \csname and \endcsname.

./mathematical_physics_and_computation-euler-lagrange-equation.tex:207: Missing
 \endcsname inserted.
<to be read again> 
                   \csname\endcsname 
l.207 W
       e also define:
The control sequence marked <to be read again> should
not appear between \csname and \endcsname.

./mathematical_physics_and_computation-euler-lagrange-equation.tex:207: Missing
 \endcsname inserted.
<to be read again> 
                   \csname\endcsname 
l.207 W
       e also define:
The control sequence marked <to be read again> should
not appear between \csname and \endcsname.

./mathematical_physics_and_computation-euler-lagrange-equation.tex:207: Missing
 \endcsname inserted.
<to be read again> 
                   \MessageBreak 
l.207 W
       e also define:
The control sequence marked <to be read again> should
not appear between \csname and \endcsname.

./mathematical_physics_and_computation-euler-lagrange-equation.tex:207: Missing
 \endcsname inserted.
<to be read again> 
                   \csname\endcsname 
l.207 W
       e also define:
The control sequence marked <to be read again> should
not appear between \csname and \endcsname.

./mathematical_physics_and_computation-euler-lagrange-equation.tex:207: Missing
 \endcsname inserted.
<to be read again> 
                   \csname\endcsname 
l.207 W
       e also define:
The control sequence marked <to be read again> should
not appear between \csname and \endcsname.

./mathematical_physics_and_computation-euler-lagrange-equation.tex:207: Missing
 \endcsname inserted.
<to be read again> 
                   \csname\endcsname 
l.207 W
       e also define:
The control sequence marked <to be read again> should
not appear between \csname and \endcsname.

./mathematical_physics_and_computation-euler-lagrange-equation.tex:207: Missing
 \endcsname inserted.
<to be read again> 
                   \MessageBreak 
l.207 W
       e also define:
The control sequence marked <to be read again> should
not appear between \csname and \endcsname.

./mathematical_physics_and_computation-euler-lagrange-equation.tex:207: Missing
 \endcsname inserted.
<to be read again> 
                   \csname\endcsname 
l.207 W
       e also define:
The control sequence marked <to be read again> should
not appear between \csname and \endcsname.

./mathematical_physics_and_computation-euler-lagrange-equation.tex:207: Missing
 \endcsname inserted.
<to be read again> 
                   \csname\endcsname 
l.207 W
       e also define:
The control sequence marked <to be read again> should
not appear between \csname and \endcsname.

./mathematical_physics_and_computation-euler-lagrange-equation.tex:207: Missing
 \endcsname inserted.
<to be read again> 
                   \csname\endcsname 
l.207 W
       e also define:
The control sequence marked <to be read again> should
not appear between \csname and \endcsname.

./mathematical_physics_and_computation-euler-lagrange-equation.tex:207: Missing
 \endcsname inserted.
<to be read again> 
                   \MessageBreak 
l.207 W
       e also define:
The control sequence marked <to be read again> should
not appear between \csname and \endcsname.

./mathematical_physics_and_computation-euler-lagrange-equation.tex:207: Missing
 \endcsname inserted.
<to be read again> 
                   \csname\endcsname 
l.207 W
       e also define:
The control sequence marked <to be read again> should
not appear between \csname and \endcsname.

./mathematical_physics_and_computation-euler-lagrange-equation.tex:207: Missing
 \endcsname inserted.
<to be read again> 
                   \csname\endcsname 
l.207 W
       e also define:
The control sequence marked <to be read again> should
not appear between \csname and \endcsname.

./mathematical_physics_and_computation-euler-lagrange-equation.tex:207: Missing
 \endcsname inserted.
<to be read again> 
                   \csname\endcsname 
l.207 W
       e also define:
The control sequence marked <to be read again> should
not appear between \csname and \endcsname.

./mathematical_physics_and_computation-euler-lagrange-equation.tex:207: Missing
 \endcsname inserted.
<to be read again> 
                   \MessageBreak 
l.207 W
       e also define:
The control sequence marked <to be read again> should
not appear between \csname and \endcsname.

./mathematical_physics_and_computation-euler-lagrange-equation.tex:207: Missing
 \endcsname inserted.
<to be read again> 
                   \csname\endcsname 
l.207 W
       e also define:
The control sequence marked <to be read again> should
not appear between \csname and \endcsname.

./mathematical_physics_and_computation-euler-lagrange-equation.tex:207: Missing
 \endcsname inserted.
<to be read again> 
                   \csname\endcsname 
l.207 W
       e also define:
The control sequence marked <to be read again> should
not appear between \csname and \endcsname.

./mathematical_physics_and_computation-euler-lagrange-equation.tex:207: Missing
 \endcsname inserted.
<to be read again> 
                   \csname\endcsname 
l.207 W
       e also define:
The control sequence marked <to be read again> should
not appear between \csname and \endcsname.

./mathematical_physics_and_computation-euler-lagrange-equation.tex:207: Missing
 \endcsname inserted.
<to be read again> 
                   \MessageBreak 
l.207 W
       e also define:
The control sequence marked <to be read again> should
not appear between \csname and \endcsname.

./mathematical_physics_and_computation-euler-lagrange-equation.tex:207: Missing
 \endcsname inserted.
<to be read again> 
                   \csname\endcsname 
l.207 W
       e also define:
The control sequence marked <to be read again> should
not appear between \csname and \endcsname.

./mathematical_physics_and_computation-euler-lagrange-equation.tex:207: Missing
 \endcsname inserted.
<to be read again> 
                   \csname\endcsname 
l.207 W
       e also define:
The control sequence marked <to be read again> should
not appear between \csname and \endcsname.

./mathematical_physics_and_computation-euler-lagrange-equation.tex:207: Missing
 \endcsname inserted.
<to be read again> 
                   \csname\endcsname 
l.207 W
       e also define:
The control sequence marked <to be read again> should
not appear between \csname and \endcsname.

./mathematical_physics_and_computation-euler-lagrange-equation.tex:207: Missing
 \endcsname inserted.
<to be read again> 
                   \MessageBreak 
l.207 W
       e also define:
The control sequence marked <to be read again> should
not appear between \csname and \endcsname.

./mathematical_physics_and_computation-euler-lagrange-equation.tex:207: Missing
 \endcsname inserted.
<to be read again> 
                   \csname\endcsname 
l.207 W
       e also define:
The control sequence marked <to be read again> should
not appear between \csname and \endcsname.

./mathematical_physics_and_computation-euler-lagrange-equation.tex:207: Missing
 \endcsname inserted.
<to be read again> 
                   \csname\endcsname 
l.207 W
       e also define:
The control sequence marked <to be read again> should
not appear between \csname and \endcsname.

./mathematical_physics_and_computation-euler-lagrange-equation.tex:207: Missing
 \endcsname inserted.
<to be read again> 
                   \csname\endcsname 
l.207 W
       e also define:
The control sequence marked <to be read again> should
not appear between \csname and \endcsname.

./mathematical_physics_and_computation-euler-lagrange-equation.tex:207: Missing
 \endcsname inserted.
<to be read again> 
                   \MessageBreak 
l.207 W
       e also define:
The control sequence marked <to be read again> should
not appear between \csname and \endcsname.

./mathematical_physics_and_computation-euler-lagrange-equation.tex:207: Missing
 \endcsname inserted.
<to be read again> 
                   \csname\endcsname 
l.207 W
       e also define:
The control sequence marked <to be read again> should
not appear between \csname and \endcsname.

./mathematical_physics_and_computation-euler-lagrange-equation.tex:207: Missing
 \endcsname inserted.
<to be read again> 
                   \csname\endcsname 
l.207 W
       e also define:
The control sequence marked <to be read again> should
not appear between \csname and \endcsname.

./mathematical_physics_and_computation-euler-lagrange-equation.tex:207: Missing
 \endcsname inserted.
<to be read again> 
                   \csname\endcsname 
l.207 W
       e also define:
The control sequence marked <to be read again> should
not appear between \csname and \endcsname.

./mathematical_physics_and_computation-euler-lagrange-equation.tex:207: Missing
 \endcsname inserted.
<to be read again> 
                   \MessageBreak 
l.207 W
       e also define:
The control sequence marked <to be read again> should
not appear between \csname and \endcsname.

./mathematical_physics_and_computation-euler-lagrange-equation.tex:207: Missing
 \endcsname inserted.
<to be read again> 
                   \csname\endcsname 
l.207 W
       e also define:
The control sequence marked <to be read again> should
not appear between \csname and \endcsname.

./mathematical_physics_and_computation-euler-lagrange-equation.tex:207: Missing
 \endcsname inserted.
<to be read again> 
                   \csname\endcsname 
l.207 W
       e also define:
The control sequence marked <to be read again> should
not appear between \csname and \endcsname.

./mathematical_physics_and_computation-euler-lagrange-equation.tex:207: Missing
 \endcsname inserted.
<to be read again> 
                   \csname\endcsname 
l.207 W
       e also define:
The control sequence marked <to be read again> should
not appear between \csname and \endcsname.

./mathematical_physics_and_computation-euler-lagrange-equation.tex:207: Missing
 \endcsname inserted.
<to be read again> 
                   \MessageBreak 
l.207 W
       e also define:
The control sequence marked <to be read again> should
not appear between \csname and \endcsname.

./mathematical_physics_and_computation-euler-lagrange-equation.tex:207: Missing
 \endcsname inserted.
<to be read again> 
                   \csname\endcsname 
l.207 W
       e also define:
The control sequence marked <to be read again> should
not appear between \csname and \endcsname.

./mathematical_physics_and_computation-euler-lagrange-equation.tex:207: Missing
 \endcsname inserted.
<to be read again> 
                   \csname\endcsname 
l.207 W
       e also define:
The control sequence marked <to be read again> should
not appear between \csname and \endcsname.

./mathematical_physics_and_computation-euler-lagrange-equation.tex:207: Missing
 \endcsname inserted.
<to be read again> 
                   \csname\endcsname 
l.207 W
       e also define:
The control sequence marked <to be read again> should
not appear between \csname and \endcsname.

./mathematical_physics_and_computation-euler-lagrange-equation.tex:207: Missing
 \endcsname inserted.
<to be read again> 
                   \MessageBreak 
l.207 W
       e also define:
The control sequence marked <to be read again> should
not appear between \csname and \endcsname.

./mathematical_physics_and_computation-euler-lagrange-equation.tex:207: Missing
 \endcsname inserted.
<to be read again> 
                   \csname\endcsname 
l.207 W
       e also define:
The control sequence marked <to be read again> should
not appear between \csname and \endcsname.

./mathematical_physics_and_computation-euler-lagrange-equation.tex:207: Missing
 \endcsname inserted.
<to be read again> 
                   \csname\endcsname 
l.207 W
       e also define:
The control sequence marked <to be read again> should
not appear between \csname and \endcsname.

./mathematical_physics_and_computation-euler-lagrange-equation.tex:207: Missing
 \endcsname inserted.
<to be read again> 
                   \csname\endcsname 
l.207 W
       e also define:
The control sequence marked <to be read again> should
not appear between \csname and \endcsname.

./mathematical_physics_and_computation-euler-lagrange-equation.tex:207: Missing
 \endcsname inserted.
<to be read again> 
                   \MessageBreak 
l.207 W
       e also define:
The control sequence marked <to be read again> should
not appear between \csname and \endcsname.

./mathematical_physics_and_computation-euler-lagrange-equation.tex:207: Missing
 \endcsname inserted.
<to be read again> 
                   \csname\endcsname 
l.207 W
       e also define:
The control sequence marked <to be read again> should
not appear between \csname and \endcsname.

./mathematical_physics_and_computation-euler-lagrange-equation.tex:207: Missing
 \endcsname inserted.
<to be read again> 
                   \csname\endcsname 
l.207 W
       e also define:
The control sequence marked <to be read again> should
not appear between \csname and \endcsname.

./mathematical_physics_and_computation-euler-lagrange-equation.tex:207: Missing
 \endcsname inserted.
<to be read again> 
                   \csname\endcsname 
l.207 W
       e also define:
The control sequence marked <to be read again> should
not appear between \csname and \endcsname.

./mathematical_physics_and_computation-euler-lagrange-equation.tex:207: Missing
 \endcsname inserted.
<to be read again> 
                   \MessageBreak 
l.207 W
       e also define:
The control sequence marked <to be read again> should
not appear between \csname and \endcsname.

./mathematical_physics_and_computation-euler-lagrange-equation.tex:207: Missing
 \endcsname inserted.
<to be read again> 
                   \csname\endcsname 
l.207 W
       e also define:
The control sequence marked <to be read again> should
not appear between \csname and \endcsname.

./mathematical_physics_and_computation-euler-lagrange-equation.tex:207: Missing
 \endcsname inserted.
<to be read again> 
                   \csname\endcsname 
l.207 W
       e also define:
The control sequence marked <to be read again> should
not appear between \csname and \endcsname.

./mathematical_physics_and_computation-euler-lagrange-equation.tex:207: Missing
 \endcsname inserted.
<to be read again> 
                   \csname\endcsname 
l.207 W
       e also define:
The control sequence marked <to be read again> should
not appear between \csname and \endcsname.

./mathematical_physics_and_computation-euler-lagrange-equation.tex:207: Missing
 \endcsname inserted.
<to be read again> 
                   \MessageBreak 
l.207 W
       e also define:
The control sequence marked <to be read again> should
not appear between \csname and \endcsname.

./mathematical_physics_and_computation-euler-lagrange-equation.tex:207: Missing
 \endcsname inserted.
<to be read again> 
                   \csname\endcsname 
l.207 W
       e also define:
The control sequence marked <to be read again> should
not appear between \csname and \endcsname.

./mathematical_physics_and_computation-euler-lagrange-equation.tex:207: Missing
 \endcsname inserted.
<to be read again> 
                   \csname\endcsname 
l.207 W
       e also define:
The control sequence marked <to be read again> should
not appear between \csname and \endcsname.

./mathematical_physics_and_computation-euler-lagrange-equation.tex:207: Missing
 \endcsname inserted.
<to be read again> 
                   \csname\endcsname 
l.207 W
       e also define:
The control sequence marked <to be read again> should
not appear between \csname and \endcsname.

./mathematical_physics_and_computation-euler-lagrange-equation.tex:207: Missing
 \endcsname inserted.
<to be read again> 
                   \MessageBreak 
l.207 W
       e also define:
The control sequence marked <to be read again> should
not appear between \csname and \endcsname.

./mathematical_physics_and_computation-euler-lagrange-equation.tex:207: Missing
 \endcsname inserted.
<to be read again> 
                   \csname\endcsname 
l.207 W
       e also define:
The control sequence marked <to be read again> should
not appear between \csname and \endcsname.

./mathematical_physics_and_computation-euler-lagrange-equation.tex:207: Missing
 \endcsname inserted.
<to be read again> 
                   \csname\endcsname 
l.207 W
       e also define:
The control sequence marked <to be read again> should
not appear between \csname and \endcsname.

./mathematical_physics_and_computation-euler-lagrange-equation.tex:207: Missing
 \endcsname inserted.
<to be read again> 
                   \csname\endcsname 
l.207 W
       e also define:
The control sequence marked <to be read again> should
not appear between \csname and \endcsname.

./mathematical_physics_and_computation-euler-lagrange-equation.tex:207: Missing
 \endcsname inserted.
<to be read again> 
                   \MessageBreak 
l.207 W
       e also define:
The control sequence marked <to be read again> should
not appear between \csname and \endcsname.

./mathematical_physics_and_computation-euler-lagrange-equation.tex:207: Missing
 \endcsname inserted.
<to be read again> 
                   \csname\endcsname 
l.207 W
       e also define:
The control sequence marked <to be read again> should
not appear between \csname and \endcsname.

./mathematical_physics_and_computation-euler-lagrange-equation.tex:207: Missing
 \endcsname inserted.
<to be read again> 
                   \csname\endcsname 
l.207 W
       e also define:
The control sequence marked <to be read again> should
not appear between \csname and \endcsname.

./mathematical_physics_and_computation-euler-lagrange-equation.tex:207: Missing
 \endcsname inserted.
<to be read again> 
                   \csname\endcsname 
l.207 W
       e also define:
The control sequence marked <to be read again> should
not appear between \csname and \endcsname.

./mathematical_physics_and_computation-euler-lagrange-equation.tex:207: Missing
 \endcsname inserted.
<to be read again> 
                   \MessageBreak 
l.207 W
       e also define:
The control sequence marked <to be read again> should
not appear between \csname and \endcsname.

./mathematical_physics_and_computation-euler-lagrange-equation.tex:207: Missing
 \endcsname inserted.
<to be read again> 
                   \csname\endcsname 
l.207 W
       e also define:
The control sequence marked <to be read again> should
not appear between \csname and \endcsname.

./mathematical_physics_and_computation-euler-lagrange-equation.tex:207: Missing
 \endcsname inserted.
<to be read again> 
                   \csname\endcsname 
l.207 W
       e also define:
The control sequence marked <to be read again> should
not appear between \csname and \endcsname.

./mathematical_physics_and_computation-euler-lagrange-equation.tex:207: Missing
 \endcsname inserted.
<to be read again> 
                   \csname\endcsname 
l.207 W
       e also define:
The control sequence marked <to be read again> should
not appear between \csname and \endcsname.

./mathematical_physics_and_computation-euler-lagrange-equation.tex:207: Missing
 \endcsname inserted.
<to be read again> 
                   \MessageBreak 
l.207 W
       e also define:
The control sequence marked <to be read again> should
not appear between \csname and \endcsname.

./mathematical_physics_and_computation-euler-lagrange-equation.tex:207: Missing
 \endcsname inserted.
<to be read again> 
                   \csname\endcsname 
l.207 W
       e also define:
The control sequence marked <to be read again> should
not appear between \csname and \endcsname.

./mathematical_physics_and_computation-euler-lagrange-equation.tex:207: Missing
 \endcsname inserted.
<to be read again> 
                   \csname\endcsname 
l.207 W
       e also define:
The control sequence marked <to be read again> should
not appear between \csname and \endcsname.

./mathematical_physics_and_computation-euler-lagrange-equation.tex:207: Missing
 \endcsname inserted.
<to be read again> 
                   \csname\endcsname 
l.207 W
       e also define:
The control sequence marked <to be read again> should
not appear between \csname and \endcsname.

./mathematical_physics_and_computation-euler-lagrange-equation.tex:207: Missing
 \endcsname inserted.
<to be read again> 
                   \MessageBreak 
l.207 W
       e also define:
The control sequence marked <to be read again> should
not appear between \csname and \endcsname.

./mathematical_physics_and_computation-euler-lagrange-equation.tex:207: Missing
 \endcsname inserted.
<to be read again> 
                   \csname\endcsname 
l.207 W
       e also define:
The control sequence marked <to be read again> should
not appear between \csname and \endcsname.

./mathematical_physics_and_computation-euler-lagrange-equation.tex:207: Missing
 \endcsname inserted.
<to be read again> 
                   \csname\endcsname 
l.207 W
       e also define:
The control sequence marked <to be read again> should
not appear between \csname and \endcsname.

./mathematical_physics_and_computation-euler-lagrange-equation.tex:207: Missing
 \endcsname inserted.
<to be read again> 
                   \csname\endcsname 
l.207 W
       e also define:
The control sequence marked <to be read again> should
not appear between \csname and \endcsname.

./mathematical_physics_and_computation-euler-lagrange-equation.tex:207: Missing
 \endcsname inserted.
<to be read again> 
                   \MessageBreak 
l.207 W
       e also define:
The control sequence marked <to be read again> should
not appear between \csname and \endcsname.

./mathematical_physics_and_computation-euler-lagrange-equation.tex:207: Missing
 \endcsname inserted.
<to be read again> 
                   \csname\endcsname 
l.207 W
       e also define:
The control sequence marked <to be read again> should
not appear between \csname and \endcsname.

./mathematical_physics_and_computation-euler-lagrange-equation.tex:207: Missing
 \endcsname inserted.
<to be read again> 
                   \csname\endcsname 
l.207 W
       e also define:
The control sequence marked <to be read again> should
not appear between \csname and \endcsname.

./mathematical_physics_and_computation-euler-lagrange-equation.tex:207: Missing
 \endcsname inserted.
<to be read again> 
                   \csname\endcsname 
l.207 W
       e also define:
The control sequence marked <to be read again> should
not appear between \csname and \endcsname.

./mathematical_physics_and_computation-euler-lagrange-equation.tex:207: Missing
 \endcsname inserted.
<to be read again> 
                   \MessageBreak 
l.207 W
       e also define:
The control sequence marked <to be read again> should
not appear between \csname and \endcsname.

./mathematical_physics_and_computation-euler-lagrange-equation.tex:207: Missing
 \endcsname inserted.
<to be read again> 
                   \csname\endcsname 
l.207 W
       e also define:
The control sequence marked <to be read again> should
not appear between \csname and \endcsname.

./mathematical_physics_and_computation-euler-lagrange-equation.tex:207: Missing
 \endcsname inserted.
<to be read again> 
                   \csname\endcsname 
l.207 W
       e also define:
The control sequence marked <to be read again> should
not appear between \csname and \endcsname.

./mathematical_physics_and_computation-euler-lagrange-equation.tex:207: Missing
 \endcsname inserted.
<to be read again> 
                   \csname\endcsname 
l.207 W
       e also define:
The control sequence marked <to be read again> should
not appear between \csname and \endcsname.

./mathematical_physics_and_computation-euler-lagrange-equation.tex:207: Missing
 \endcsname inserted.
<to be read again> 
                   \MessageBreak 
l.207 W
       e also define:
The control sequence marked <to be read again> should
not appear between \csname and \endcsname.

./mathematical_physics_and_computation-euler-lagrange-equation.tex:207: Missing
 \endcsname inserted.
<to be read again> 
                   \csname\endcsname 
l.207 W
       e also define:
(That makes 100 errors; please try again.) 
Here is how much of TeX's memory you used:
 13216 strings out of 474773
 216271 string characters out of 5757725
 1940839 words of memory out of 5000000
 35139 multiletter control sequences out of 15000+600000
 661245 words of font info for 95 fonts, out of 8000000 for 9000
 1348 hyphenation exceptions out of 8191
 72i,17n,79p,810b,598s stack positions out of 10000i,1000n,20000p,200000b,200000s

Output written on mathematical_physics_and_computation.xdv (22 pages, 87140 byt
es).
