Rc files read:
  NONE
Latexmk: This is Latexmk, John Collins, 31 Jan. 2024. Version 4.83.
No existing .aux file, so I'll make a simple one, and require run of *latex.
Latexmk: applying rule 'xelatex'...
Rule 'xelatex':  Reasons for rerun
Category 'other':
  Rerun of 'xelatex' forced or previously required:
    Reason or flag: 'Initial setup'

------------
Run number 1 of rule 'xelatex'
------------
------------
Running 'xelatex -no-pdf -synctex=1 -interaction=batchmode -file-line-error -shell-escape -recorder  "measure-theory.tex"'
------------
This is XeTeX, Version 3.141592653-2.6-0.999996 (TeX Live 2024) (preloaded format=xelatex)
 \write18 enabled.
entering extended mode

SyncTeX written on measure-theory.synctex.gz.Latexmk: Getting log file 'measure-theory.log'
Latexmk: Examining 'measure-theory.fls'
Latexmk: Examining 'measure-theory.log'
Latexmk: References changed.
Latexmk: Log file says output to 'measure-theory.xdv'
Latexmk: applying rule 'xelatex'...
Rule 'xelatex':  Reasons for rerun
Changed files or newly in use/created:
  measure-theory.aux

------------
Run number 2 of rule 'xelatex'
------------
------------
Running 'xelatex -no-pdf -synctex=1 -interaction=batchmode -file-line-error -shell-escape -recorder  "measure-theory.tex"'
------------
This is XeTeX, Version 3.141592653-2.6-0.999996 (TeX Live 2024) (preloaded format=xelatex)
 \write18 enabled.
entering extended mode

SyncTeX written on measure-theory.synctex.gz.Latexmk: Getting log file 'measure-theory.log'
Latexmk: Examining 'measure-theory.fls'
Latexmk: Examining 'measure-theory.log'
Latexmk: Log file says output to 'measure-theory.xdv'
Latexmk: applying rule 'xelatex'...
Rule 'xelatex':  Reasons for rerun
Changed files or newly in use/created:
  measure-theory-euler-lagrange-equation.aux
  measure-theory-inner-product-space-1.aux
  measure-theory-inner-product-space.aux
  measure-theory-linear-differential-operator.aux
  measure-theory-linear-operators-1.aux
  measure-theory-linear-operators.aux
  measure-theory.out

------------
Run number 3 of rule 'xelatex'
------------
------------
Running 'xelatex -no-pdf -synctex=1 -interaction=batchmode -file-line-error -shell-escape -recorder  "measure-theory.tex"'
------------
This is XeTeX, Version 3.141592653-2.6-0.999996 (TeX Live 2024) (preloaded format=xelatex)
 \write18 enabled.
entering extended mode

SyncTeX written on measure-theory.synctex.gz.Latexmk: Getting log file 'measure-theory.log'
Latexmk: Examining 'measure-theory.fls'
Latexmk: Examining 'measure-theory.log'
Latexmk: Log file says output to 'measure-theory.xdv'
Latexmk: applying rule 'xdvipdfmx'...
Rule 'xdvipdfmx':  Reasons for rerun
Changed files or newly in use/created:
  measure-theory.xdv
Category 'changed_source_rules':
  xelatex
Category 'no_dest':
  xdvipdfmx

------------
Run number 1 of rule 'xdvipdfmx'
------------
------------
Running 'xdvipdfmx -E -o "measure-theory.pdf"  "measure-theory.xdv"'
------------
measure-theory.xdv -> measure-theory.pdf
[1][2][3][4][5][6][7][8][9][10][11][12][13][14][15][16][17][18][19][20]
272720 bytes written
Latexmk: Errors, in force_mode: so I tried finishing targets
Collected error summary (may duplicate other messages):
  xelatex: Command for 'xelatex' gave return code 1
      Refer to 'measure-theory.log' and/or above output for details

