This is XeTeX, Version 3.141592653-2.6-0.999996 (TeX Live 2024) (preloaded format=xelatex 2025.3.7)  4 SEP 2026 07:20
entering extended mode
 \write18 enabled.
 file:line:error style messages enabled.
 %&-line parsing enabled.
**mathematical-physics.tex
(./mathematical-physics.tex
LaTeX2e <2023-11-01> patch level 1
L3 programming layer <2024-02-20>
(/usr/local/texlive/2024/texmf-dist/tex/latex/base/article.cls
Document Class: article 2023/05/17 v1.4n Standard LaTeX document class
(/usr/local/texlive/2024/texmf-dist/tex/latex/base/size10.clo
File: size10.clo 2023/05/17 v1.4n Standard LaTeX file (size option)
)
\c@part=\count184
\c@section=\count185
\c@subsection=\count186
\c@subsubsection=\count187
\c@paragraph=\count188
\c@subparagraph=\count189
\c@figure=\count190
\c@table=\count191
\abovecaptionskip=\skip48
\belowcaptionskip=\skip49
\bibindent=\dimen140
) (/usr/local/texlive/2024/texmf-dist/tex/latex/hyperref/hyperref.sty
Package: hyperref 2024-01-20 v7.01h Hypertext links for LaTeX
(/usr/local/texlive/2024/texmf-dist/tex/generic/iftex/iftex.sty
Package: iftex 2022/02/03 v1.0f TeX engine tests
) (/usr/local/texlive/2024/texmf-dist/tex/latex/graphics/keyval.sty
Package: keyval 2022/05/29 v1.15 key=value parser (DPC)
\KV@toks@=\toks17
) (/usr/local/texlive/2024/texmf-dist/tex/latex/kvsetkeys/kvsetkeys.sty
Package: kvsetkeys 2022-10-05 v1.19 Key value parser (HO)
) (/usr/local/texlive/2024/texmf-dist/tex/generic/kvdefinekeys/kvdefinekeys.sty
Package: kvdefinekeys 2019-12-19 v1.6 Define keys (HO)
) (/usr/local/texlive/2024/texmf-dist/tex/generic/pdfescape/pdfescape.sty
Package: pdfescape 2019/12/09 v1.15 Implements pdfTeX's escape features (HO)
(/usr/local/texlive/2024/texmf-dist/tex/generic/ltxcmds/ltxcmds.sty
Package: ltxcmds 2023-12-04 v1.26 LaTeX kernel commands for general use (HO)
) (/usr/local/texlive/2024/texmf-dist/tex/generic/pdftexcmds/pdftexcmds.sty
Package: pdftexcmds 2020-06-27 v0.33 Utility functions of pdfTeX for LuaTeX (HO
)
(/usr/local/texlive/2024/texmf-dist/tex/generic/infwarerr/infwarerr.sty
Package: infwarerr 2019/12/03 v1.5 Providing info/warning/error messages (HO)
)
Package pdftexcmds Info: \pdf@primitive is available.
Package pdftexcmds Info: \pdf@ifprimitive is available.
Package pdftexcmds Info: \pdfdraftmode not found.
)) (/usr/local/texlive/2024/texmf-dist/tex/latex/hycolor/hycolor.sty
Package: hycolor 2020-01-27 v1.10 Color options for hyperref/bookmark (HO)
) (/usr/local/texlive/2024/texmf-dist/tex/latex/auxhook/auxhook.sty
Package: auxhook 2019-12-17 v1.6 Hooks for auxiliary files (HO)
) (/usr/local/texlive/2024/texmf-dist/tex/latex/hyperref/nameref.sty
Package: nameref 2023-11-26 v2.56 Cross-referencing by name of section
(/usr/local/texlive/2024/texmf-dist/tex/latex/refcount/refcount.sty
Package: refcount 2019/12/15 v3.6 Data extraction from label references (HO)
)
(/usr/local/texlive/2024/texmf-dist/tex/generic/gettitlestring/gettitlestring.s
ty
Package: gettitlestring 2019/12/15 v1.6 Cleanup title references (HO)
(/usr/local/texlive/2024/texmf-dist/tex/latex/kvoptions/kvoptions.sty
Package: kvoptions 2022-06-15 v3.15 Key value format for package options (HO)
))
\c@section@level=\count192
) (/usr/local/texlive/2024/texmf-dist/tex/latex/etoolbox/etoolbox.sty
Package: etoolbox 2020/10/05 v2.5k e-TeX tools for LaTeX (JAW)
\etb@tempcnta=\count193
)
\@linkdim=\dimen141
\Hy@linkcounter=\count194
\Hy@pagecounter=\count195
(/usr/local/texlive/2024/texmf-dist/tex/latex/hyperref/pd1enc.def
File: pd1enc.def 2024-01-20 v7.01h Hyperref: PDFDocEncoding definition (HO)
) (/usr/local/texlive/2024/texmf-dist/tex/generic/intcalc/intcalc.sty
Package: intcalc 2019/12/15 v1.3 Expandable calculations with integers (HO)
)
\Hy@SavedSpaceFactor=\count196
(/usr/local/texlive/2024/texmf-dist/tex/latex/hyperref/puenc.def
File: puenc.def 2024-01-20 v7.01h Hyperref: PDF Unicode definition (HO)
)
Package hyperref Info: Hyper figures OFF on input line 4179.
Package hyperref Info: Link nesting OFF on input line 4184.
Package hyperref Info: Hyper index ON on input line 4187.
Package hyperref Info: Plain pages OFF on input line 4194.
Package hyperref Info: Backreferencing OFF on input line 4199.
Package hyperref Info: Implicit mode ON; LaTeX internals redefined.
Package hyperref Info: Bookmarks ON on input line 4446.
\c@Hy@tempcnt=\count197
(/usr/local/texlive/2024/texmf-dist/tex/latex/url/url.sty
\Urlmuskip=\muskip16
Package: url 2013/09/16  ver 3.4  Verb mode for urls, etc.
)
LaTeX Info: Redefining \url on input line 4784.
\XeTeXLinkMargin=\dimen142
(/usr/local/texlive/2024/texmf-dist/tex/generic/bitset/bitset.sty
Package: bitset 2019/12/09 v1.3 Handle bit-vector datatype (HO)
(/usr/local/texlive/2024/texmf-dist/tex/generic/bigintcalc/bigintcalc.sty
Package: bigintcalc 2019/12/15 v1.5 Expandable calculations on big integers (HO
)
))
\Fld@menulength=\count198
\Field@Width=\dimen143
\Fld@charsize=\dimen144
Package hyperref Info: Hyper figures OFF on input line 6063.
Package hyperref Info: Link nesting OFF on input line 6068.
Package hyperref Info: Hyper index ON on input line 6071.
Package hyperref Info: backreferencing OFF on input line 6078.
Package hyperref Info: Link coloring OFF on input line 6083.
Package hyperref Info: Link coloring with OCG OFF on input line 6088.
Package hyperref Info: PDF/A mode OFF on input line 6093.
(/usr/local/texlive/2024/texmf-dist/tex/latex/base/atbegshi-ltx.sty
Package: atbegshi-ltx 2021/01/10 v1.0c Emulation of the original atbegshi
package with kernel methods
)
\Hy@abspage=\count199
\c@Item=\count266
\c@Hfootnote=\count267
)
Package hyperref Info: Driver (autodetected): hxetex.
(/usr/local/texlive/2024/texmf-dist/tex/latex/hyperref/hxetex.def
File: hxetex.def 2024-01-20 v7.01h Hyperref driver for XeTeX
(/usr/local/texlive/2024/texmf-dist/tex/generic/stringenc/stringenc.sty
Package: stringenc 2019/11/29 v1.12 Convert strings between diff. encodings (HO
)
)
\pdfm@box=\box51
\c@Hy@AnnotLevel=\count268
\HyField@AnnotCount=\count269
\Fld@listcount=\count270
\c@bookmark@seq@number=\count271

(/usr/local/texlive/2024/texmf-dist/tex/latex/rerunfilecheck/rerunfilecheck.sty
Package: rerunfilecheck 2022-07-10 v1.10 Rerun checks for auxiliary files (HO)
(/usr/local/texlive/2024/texmf-dist/tex/latex/base/atveryend-ltx.sty
Package: atveryend-ltx 2020/08/19 v1.0a Emulation of the original atveryend pac
kage
with kernel methods
)
(/usr/local/texlive/2024/texmf-dist/tex/generic/uniquecounter/uniquecounter.sty
Package: uniquecounter 2019/12/15 v1.4 Provide unlimited unique counter (HO)
)
Package uniquecounter Info: New unique counter `rerunfilecheck' on input line 2
85.
)
\Hy@SectionHShift=\skip50
) (/usr/local/texlive/2024/texmf-dist/tex/latex/datetime/datetime.sty
Package: datetime 2015/03/20 v2.60 Date Time Package
(/usr/local/texlive/2024/texmf-dist/tex/latex/fmtcount/fmtcount.sty
Invalid UTF-8 byte or sequence at line 10 replaced by U+FFFD.
Invalid UTF-8 byte or sequence at line 22 replaced by U+FFFD.
Package: fmtcount 2020/01/30 v3.07
(/usr/local/texlive/2024/texmf-dist/tex/latex/base/ifthen.sty
Package: ifthen 2022/04/13 v1.1d Standard LaTeX ifthen package (DPC)
) (/usr/local/texlive/2024/texmf-dist/tex/latex/xkeyval/xkeyval.sty
Package: xkeyval 2022/06/16 v2.9 package option processing (HA)
(/usr/local/texlive/2024/texmf-dist/tex/generic/xkeyval/xkeyval.tex (/usr/local
/texlive/2024/texmf-dist/tex/generic/xkeyval/xkvutils.tex
\XKV@toks=\toks18
\XKV@tempa@toks=\toks19
)
\XKV@depth=\count272
File: xkeyval.tex 2014/12/03 v2.7a key=value parser (HA)
)) (/usr/local/texlive/2024/texmf-dist/tex/latex/fmtcount/fcprefix.sty
Invalid UTF-8 byte or sequence at line 10 replaced by U+FFFD.
Invalid UTF-8 byte or sequence at line 22 replaced by U+FFFD.
Package: fcprefix 2012/09/28
(/usr/local/texlive/2024/texmf-dist/tex/latex/fmtcount/fcnumparser.sty
Invalid UTF-8 byte or sequence at line 10 replaced by U+FFFD.
Invalid UTF-8 byte or sequence at line 22 replaced by U+FFFD.
Package: fcnumparser 2017/06/15
\fc@digit@counter=\count273
)) (/usr/local/texlive/2024/texmf-dist/tex/latex/amsmath/amsgen.sty
File: amsgen.sty 1999/11/30 v2.0 generic functions
\@emptytoks=\toks20
\ex@=\dimen145
)
\c@padzeroesN=\count274
\fc@tmpcatcode=\count275
\@DT@modctr=\count276
\@ordinalctr=\count277
\@orgargctr=\count278
\@strctr=\count279
\@tmpstrctr=\count280
\@DT@loopN=\count281
\@DT@X=\count282
) (/usr/local/texlive/2024/texmf-dist/tex/latex/datetime/datetime-defaults.sty
Package: datetime-defaults 2013/09/10
)
\@day=\count283
\@month=\count284
\@year=\count285
\c@HOUR=\count286
\c@HOURXII=\count287
\c@MINUTE=\count288
\c@TOHOUR=\count289
\c@TOMINUTE=\count290
\c@SECOND=\count291
\currenthour=\count292
\currentminute=\count293
\currentsecond=\count294
Package datetime Info: No datetime.cfg file found, using default settings on in
put line 308.
\@dtctr=\count295
\dayofyear=\count296
\dayofweek=\count297
LaTeX Info: Redefining \today on input line 736.
\dt@a=\toks21
\dt@b=\toks22
) (/usr/local/texlive/2024/texmf-dist/tex/latex/graphics/graphicx.sty
Package: graphicx 2021/09/16 v1.2d Enhanced LaTeX Graphics (DPC,SPQR)
(/usr/local/texlive/2024/texmf-dist/tex/latex/graphics/graphics.sty
Package: graphics 2022/03/10 v1.4e Standard LaTeX Graphics (DPC,SPQR)
(/usr/local/texlive/2024/texmf-dist/tex/latex/graphics/trig.sty
Package: trig 2021/08/11 v1.11 sin cos tan (DPC)
) (/usr/local/texlive/2024/texmf-dist/tex/latex/graphics-cfg/graphics.cfg
File: graphics.cfg 2016/06/04 v1.11 sample graphics configuration
)
Package graphics Info: Driver file: xetex.def on input line 107.
(/usr/local/texlive/2024/texmf-dist/tex/latex/graphics-def/xetex.def
File: xetex.def 2022/09/22 v5.0n Graphics/color driver for xetex
))
\Gin@req@height=\dimen146
\Gin@req@width=\dimen147
) (/usr/local/texlive/2024/texmf-dist/tex/latex/natbib/natbib.sty
Package: natbib 2010/09/13 8.31b (PWD, AO)
\bibhang=\skip51
\bibsep=\skip52
LaTeX Info: Redefining \cite on input line 694.
\c@NAT@ctr=\count298
) (/usr/local/texlive/2024/texmf-dist/tex/latex/amsmath/amsmath.sty
Package: amsmath 2023/05/13 v2.17o AMS math features
\@mathmargin=\skip53
For additional information on amsmath, use the `?' option.
(/usr/local/texlive/2024/texmf-dist/tex/latex/amsmath/amstext.sty
Package: amstext 2021/08/26 v2.01 AMS text
) (/usr/local/texlive/2024/texmf-dist/tex/latex/amsmath/amsbsy.sty
Package: amsbsy 1999/11/29 v1.2d Bold Symbols
\pmbraise@=\dimen148
) (/usr/local/texlive/2024/texmf-dist/tex/latex/amsmath/amsopn.sty
Package: amsopn 2022/04/08 v2.04 operator names
)
\inf@bad=\count299
LaTeX Info: Redefining \frac on input line 234.
\uproot@=\count300
\leftroot@=\count301
LaTeX Info: Redefining \overline on input line 399.
LaTeX Info: Redefining \colon on input line 410.
\classnum@=\count302
\DOTSCASE@=\count303
LaTeX Info: Redefining \ldots on input line 496.
LaTeX Info: Redefining \dots on input line 499.
LaTeX Info: Redefining \cdots on input line 620.
\Mathstrutbox@=\box52
\strutbox@=\box53
LaTeX Info: Redefining \big on input line 722.
LaTeX Info: Redefining \Big on input line 723.
LaTeX Info: Redefining \bigg on input line 724.
LaTeX Info: Redefining \Bigg on input line 725.
\big@size=\dimen149
LaTeX Font Info:    Redeclaring font encoding OML on input line 743.
LaTeX Font Info:    Redeclaring font encoding OMS on input line 744.
\macc@depth=\count304
LaTeX Info: Redefining \bmod on input line 905.
LaTeX Info: Redefining \pmod on input line 910.
LaTeX Info: Redefining \smash on input line 940.
LaTeX Info: Redefining \relbar on input line 970.
LaTeX Info: Redefining \Relbar on input line 971.
\c@MaxMatrixCols=\count305
\dotsspace@=\muskip17
\c@parentequation=\count306
\dspbrk@lvl=\count307
\tag@help=\toks23
\row@=\count308
\column@=\count309
\maxfields@=\count310
\andhelp@=\toks24
\eqnshift@=\dimen150
\alignsep@=\dimen151
\tagshift@=\dimen152
\tagwidth@=\dimen153
\totwidth@=\dimen154
\lineht@=\dimen155
\@envbody=\toks25
\multlinegap=\skip54
\multlinetaggap=\skip55
\mathdisplay@stack=\toks26
LaTeX Info: Redefining \[ on input line 2953.
LaTeX Info: Redefining \] on input line 2954.
) (/usr/local/texlive/2024/texmf-dist/tex/latex/amscls/amsthm.sty
Package: amsthm 2020/05/29 v2.20.6
\thm@style=\toks27
\thm@bodyfont=\toks28
\thm@headfont=\toks29
\thm@notefont=\toks30
\thm@headpunct=\toks31
\thm@preskip=\skip56
\thm@postskip=\skip57
\thm@headsep=\skip58
\dth@everypar=\toks32
) (/usr/local/texlive/2024/texmf-dist/tex/latex/framed/framed.sty
Package: framed 2011/10/22 v 0.96: framed or shaded text with page breaks
\OuterFrameSep=\skip59
\fb@frw=\dimen156
\fb@frh=\dimen157
\FrameRule=\dimen158
\FrameSep=\dimen159
)
\c@theorem=\count311
\c@corollary=\count312
\c@proposition=\count313
\c@definition=\count314
\c@example=\count315
\c@remark=\count316
\c@axiom=\count317
\c@conjecture=\count318
\c@observation=\count319
Package hyperref Info: Option `colorlinks' set `true' on input line 33.
(/usr/local/texlive/2024/texmf-dist/tex/latex/l3backend/l3backend-xetex.def
File: l3backend-xetex.def 2024-02-20 L3 backend support: XeTeX
\g__graphics_track_int=\count320
\l__pdf_internal_box=\box54
\g__pdf_backend_object_int=\count321
\g__pdf_backend_annotation_int=\count322
\g__pdf_backend_link_int=\count323
) (./mathematical-physics.aux (./mathematical-physics-linear-operators.aux) (./
mathematical-physics-inner-product-space.aux) (./mathematical-physics-linear-op
erators-1.aux) (./mathematical-physics-linear-differential-operator.aux) (./mat
hematical-physics-inner-product-space-1.aux) (./mathematical-physics-euler-lagr
ange-equation.aux))
\openout1 = `mathematical-physics.aux'.

LaTeX Font Info:    Checking defaults for OML/cmm/m/it on input line 46.
LaTeX Font Info:    ... okay on input line 46.
LaTeX Font Info:    Checking defaults for OMS/cmsy/m/n on input line 46.
LaTeX Font Info:    ... okay on input line 46.
LaTeX Font Info:    Checking defaults for OT1/cmr/m/n on input line 46.
LaTeX Font Info:    ... okay on input line 46.
LaTeX Font Info:    Checking defaults for T1/cmr/m/n on input line 46.
LaTeX Font Info:    ... okay on input line 46.
LaTeX Font Info:    Checking defaults for TS1/cmr/m/n on input line 46.
LaTeX Font Info:    Trying to load font information for TS1+cmr on input line 4
6.
(/usr/local/texlive/2024/texmf-dist/tex/latex/base/ts1cmr.fd
File: ts1cmr.fd 2023/04/13 v2.5m Standard LaTeX font definitions
)
LaTeX Font Info:    ... okay on input line 46.
LaTeX Font Info:    Checking defaults for TU/lmr/m/n on input line 46.
LaTeX Font Info:    ... okay on input line 46.
LaTeX Font Info:    Checking defaults for OMX/cmex/m/n on input line 46.
LaTeX Font Info:    ... okay on input line 46.
LaTeX Font Info:    Checking defaults for U/cmr/m/n on input line 46.
LaTeX Font Info:    ... okay on input line 46.
LaTeX Font Info:    Checking defaults for PD1/pdf/m/n on input line 46.
LaTeX Font Info:    ... okay on input line 46.
LaTeX Font Info:    Checking defaults for PU/pdf/m/n on input line 46.
LaTeX Font Info:    ... okay on input line 46.
(/usr/local/texlive/2024/texmf-dist/tex/latex/graphics/color.sty
Package: color 2022/01/06 v1.3d Standard LaTeX Color (DPC)
(/usr/local/texlive/2024/texmf-dist/tex/latex/graphics-cfg/color.cfg
File: color.cfg 2016/01/02 v1.6 sample color configuration
)
Package color Info: Driver file: xetex.def on input line 149.
(/usr/local/texlive/2024/texmf-dist/tex/latex/graphics/mathcolor.ltx))
Package hyperref Info: Link coloring ON on input line 46.
(./mathematical-physics.out) (./mathematical-physics.out)
\@outlinefile=\write3
\openout3 = `mathematical-physics.out'.

(/usr/local/texlive/2024/texmf-dist/tex/latex/fmtcount/fc-english.def
Invalid UTF-8 byte or sequence at line 10 replaced by U+FFFD.
Invalid UTF-8 byte or sequence at line 22 replaced by U+FFFD.
File: fc-english.def 2016/01/12
)
File: curvenote.png Graphic file (type bmp)
<curvenote.png>
[1

]
\openout2 = `mathematical-physics-linear-operators.aux'.

(./mathematical-physics-linear-operators.tex [2

]
./mathematical-physics-linear-operators.tex:70: Undefined control sequence.
<recently read> \mathbb 
                        
l.70 ...ver an algebraically closed field $\mathbb
                                                  {F}$, and $T\in \mathcal L...
The control sequence at the end of the top line
of your error message was never \def'ed. If you have
misspelled it (e.g., `\hobx'), type `I' and the correct
spelling (e.g., `I\hbox'). Otherwise just continue,
and I'll forget about whatever was undefined.

./mathematical-physics-linear-operators.tex:72: Undefined control sequence.
<recently read> \mathbb 
                        
l.72 ...ver an algebraically closed field $\mathbb
                                                  {F}$, and $T\in \mathcal L...
The control sequence at the end of the top line
of your error message was never \def'ed. If you have
misspelled it (e.g., `\hobx'), type `I' and the correct
spelling (e.g., `I\hbox'). Otherwise just continue,
and I'll forget about whatever was undefined.

) [3]
\openout2 = `mathematical-physics-inner-product-space.aux'.

(./mathematical-physics-inner-product-space.tex
./mathematical-physics-inner-product-space.tex:9: Misplaced alignment tab chara
cter &.
l.9 \langle x | y \rangle  &
                            = \langle e_{\nu} | x \rangle^* \langle e_{\nu} ...
I can't figure out why you would want to use a tab mark
here. If you just want an ampersand, the remedy is
simple: Just type `I\&' now. But if some right brace
up above has ended a previous alignment prematurely,
you're probably due for more error messages, and you
might try typing `S' now just to see what is salvageable.

./mathematical-physics-inner-product-space.tex:10: Misplaced alignment tab char
acter &.
<recently read> &
                 
l.10 &
      = \langle x | e_{\nu} \rangle \langle e_{\nu} | y\rangle \\
I can't figure out why you would want to use a tab mark
here. If you just want an ampersand, the remedy is
simple: Just type `I\&' now. But if some right brace
up above has ended a previous alignment prematurely,
you're probably due for more error messages, and you
might try typing `S' now just to see what is salvageable.

./mathematical-physics-inner-product-space.tex:11: Misplaced alignment tab char
acter &.
<recently read> &
                 
l.11 &
      = \langle x \lvert |e_{\nu} \rangle \langle e_{\nu}|  \rvert y\rangle
I can't figure out why you would want to use a tab mark
here. If you just want an ampersand, the remedy is
simple: Just type `I\&' now. But if some right brace
up above has ended a previous alignment prematurely,
you're probably due for more error messages, and you
might try typing `S' now just to see what is salvageable.

./mathematical-physics-inner-product-space.tex:22: Undefined control sequence.
<recently read> \mathbb 
                        
l.22 ...f component-component product. In $\mathbb
                                                  {C}^3$ for instance,
The control sequence at the end of the top line
of your error message was never \def'ed. If you have
misspelled it (e.g., `\hobx'), type `I' and the correct
spelling (e.g., `I\hbox'). Otherwise just continue,
and I'll forget about whatever was undefined.

./mathematical-physics-inner-product-space.tex:24: Misplaced alignment tab char
acter &.
l.24 \langle x | y\rangle &
                           = \sum_{\nu} (x^{\nu})^* y^{\nu} \\
I can't figure out why you would want to use a tab mark
here. If you just want an ampersand, the remedy is
simple: Just type `I\&' now. But if some right brace
up above has ended a previous alignment prematurely,
you're probably due for more error messages, and you
might try typing `S' now just to see what is salvageable.

./mathematical-physics-inner-product-space.tex:25: Misplaced alignment tab char
acter &.
<recently read> &
                 
l.25 &
      = \sum_{\nu} \langle e_{\nu} | x \rangle^*  \langle e_{\nu} | y \rangle
I can't figure out why you would want to use a tab mark
here. If you just want an ampersand, the remedy is
simple: Just type `I\&' now. But if some right brace
up above has ended a previous alignment prematurely,
you're probably due for more error messages, and you
might try typing `S' now just to see what is salvageable.

./mathematical-physics-inner-product-space.tex:29: Undefined control sequence.
<recently read> \mathbb 
                        
l.29 ...beta |$. Consider this example in $\mathbb
                                                  {R^3}$:
The control sequence at the end of the top line
of your error message was never \def'ed. If you have
misspelled it (e.g., `\hobx'), type `I' and the correct
spelling (e.g., `I\hbox'). Otherwise just continue,
and I'll forget about whatever was undefined.


Underfull \hbox (badness 1762) in paragraph at lines 29--30
[]\TU/lmr/m/it/10 Step 2 \TU/lmr/m/n/10 We are bascially writing two consecutiv
e inner product
 []

./mathematical-physics-inner-product-space.tex:32: Misplaced alignment tab char
acter &.
l.32 ... \alpha \rangle \langle \beta, y \rangle &
                                                  =
I can't figure out why you would want to use a tab mark
here. If you just want an ampersand, the remedy is
simple: Just type `I\&' now. But if some right brace
up above has ended a previous alignment prematurely,
you're probably due for more error messages, and you
might try typing `S' now just to see what is salvageable.

./mathematical-physics-inner-product-space.tex:45: Misplaced alignment tab char
acter &.
<recently read> &
                 
l.45 &
      =
I can't figure out why you would want to use a tab mark
here. If you just want an ampersand, the remedy is
simple: Just type `I\&' now. But if some right brace
up above has ended a previous alignment prematurely,
you're probably due for more error messages, and you
might try typing `S' now just to see what is salvageable.


Overfull \hbox (117.82079pt too wide) detected at line 57
[][][]\OMS/cmsy/m/n/10 h\OML/cmm/m/it/10 x; ^^K\OMS/cmsy/m/n/10 ih\OML/cmm/m/it
/10 ^^L; y\OMS/cmsy/m/n/10 i \OT1/cmr/m/n/10 = [] [] [] [] []  = [] [] [] [] 
 []

./mathematical-physics-inner-product-space.tex:61: Misplaced alignment tab char
acter &.
l.61 (x\alpha^T) (\beta y^T)&
                             =x(\alpha^T \beta) y^T
I can't figure out why you would want to use a tab mark
here. If you just want an ampersand, the remedy is
simple: Just type `I\&' now. But if some right brace
up above has ended a previous alignment prematurely,
you're probably due for more error messages, and you
might try typing `S' now just to see what is salvageable.

./mathematical-physics-inner-product-space.tex:69: Misplaced alignment tab char
acter &.
l.69 \langle x|Ay\rangle &
                          = \langle x | y\rangle
I can't figure out why you would want to use a tab mark
here. If you just want an ampersand, the remedy is
simple: Just type `I\&' now. But if some right brace
up above has ended a previous alignment prematurely,
you're probably due for more error messages, and you
might try typing `S' now just to see what is salvageable.

[4



]
./mathematical-physics-inner-product-space.tex:84: Misplaced alignment tab char
acter &.
l.84 |x\rangle &
                = (|e_{\nu} \rangle \langle e_{\nu}|) |x\rangle \\
I can't figure out why you would want to use a tab mark
here. If you just want an ampersand, the remedy is
simple: Just type `I\&' now. But if some right brace
up above has ended a previous alignment prematurely,
you're probably due for more error messages, and you
might try typing `S' now just to see what is salvageable.

./mathematical-physics-inner-product-space.tex:85: Misplaced alignment tab char
acter &.
<recently read> &
                 
l.85 &
      = |e_{\nu}\rangle \langle e_{\nu}|x\rangle
I can't figure out why you would want to use a tab mark
here. If you just want an ampersand, the remedy is
simple: Just type `I\&' now. But if some right brace
up above has ended a previous alignment prematurely,
you're probably due for more error messages, and you
might try typing `S' now just to see what is salvageable.

./mathematical-physics-inner-product-space.tex:89: Misplaced alignment tab char
acter &.
l.89 \langle e_{\mu}|x\rangle  &
                                =\langle e_{\mu}|e_{\nu}\rangle \langle e_{\...
I can't figure out why you would want to use a tab mark
here. If you just want an ampersand, the remedy is
simple: Just type `I\&' now. But if some right brace
up above has ended a previous alignment prematurely,
you're probably due for more error messages, and you
might try typing `S' now just to see what is salvageable.

) [5] [6


]
\openout2 = `mathematical-physics-linear-operators-1.aux'.

(./mathematical-physics-linear-operators-1.tex
./mathematical-physics-linear-operators-1.tex:6: Undefined control sequence.
<recently read> \mathbb 
                        
l.6 ...l measurable functions from $X$ to $\mathbb
                                                  {R}$ or $\mathbb{C}$ such ...
The control sequence at the end of the top line
of your error message was never \def'ed. If you have
misspelled it (e.g., `\hobx'), type `I' and the correct
spelling (e.g., `I\hbox'). Otherwise just continue,
and I'll forget about whatever was undefined.

./mathematical-physics-linear-operators-1.tex:6: Undefined control sequence.
<recently read> \mathbb 
                        
l.6 ...ctions from $X$ to $\mathbb{R}$ or $\mathbb
                                                  {C}$ such that $\int_X |f(...
The control sequence at the end of the top line
of your error message was never \def'ed. If you have
misspelled it (e.g., `\hobx'), type `I' and the correct
spelling (e.g., `I\hbox'). Otherwise just continue,
and I'll forget about whatever was undefined.

./mathematical-physics-linear-operators-1.tex:19: Undefined control sequence.
l.19 \|f\|_{L_{\infty}} = \inf\{C\in \mathbb
                                            {R}_{\geq 0} : |f(x)|<C, \forall...
The control sequence at the end of the top line
of your error message was never \def'ed. If you have
misspelled it (e.g., `\hobx'), type `I' and the correct
spelling (e.g., `I\hbox'). Otherwise just continue,
and I'll forget about whatever was undefined.

./mathematical-physics-linear-operators-1.tex:34: Undefined control sequence.
l.34 ...If we consider linear functions $f:\mathbb
                                                  {R}\to \mathbb{R}$, it see...
The control sequence at the end of the top line
of your error message was never \def'ed. If you have
misspelled it (e.g., `\hobx'), type `I' and the correct
spelling (e.g., `I\hbox'). Otherwise just continue,
and I'll forget about whatever was undefined.

./mathematical-physics-linear-operators-1.tex:34: Undefined control sequence.
l.34 ... linear functions $f:\mathbb{R}\to \mathbb
                                                  {R}$, it seems continuity ...
The control sequence at the end of the top line
of your error message was never \def'ed. If you have
misspelled it (e.g., `\hobx'), type `I' and the correct
spelling (e.g., `I\hbox'). Otherwise just continue,
and I'll forget about whatever was undefined.

./mathematical-physics-linear-operators-1.tex:56: Misplaced alignment tab chara
cter &.
l.56 \|T(x)-T(x_0)\| &
                      = \|T(x-x_0)\| \\
I can't figure out why you would want to use a tab mark
here. If you just want an ampersand, the remedy is
simple: Just type `I\&' now. But if some right brace
up above has ended a previous alignment prematurely,
you're probably due for more error messages, and you
might try typing `S' now just to see what is salvageable.

./mathematical-physics-linear-operators-1.tex:57: Misplaced alignment tab chara
cter &.
<recently read> &
                 
l.57 &
      \leq C\|x-x_0\|
I can't figure out why you would want to use a tab mark
here. If you just want an ampersand, the remedy is
simple: Just type `I\&' now. But if some right brace
up above has ended a previous alignment prematurely,
you're probably due for more error messages, and you
might try typing `S' now just to see what is salvageable.

[7

]
Overfull \hbox (7.42973pt too wide) in paragraph at lines 65--67
\TU/lmr/m/n/10 Note $\OMS/cmsy/m/n/10 k\OML/cmm/m/it/10 x[]\OMS/cmsy/m/n/10 k \
OT1/cmr/m/n/10 = []\OMS/cmsy/m/n/10 k\OML/cmm/m/it/10 x\OMS/cmsy/m/n/10 k \OML/
cmm/m/it/10 < ^^N$ \TU/lmr/m/n/10 hence $\OMS/cmsy/m/n/10 k\OML/cmm/m/it/10 T\O
T1/cmr/m/n/10 (\OML/cmm/m/it/10 x[]\OT1/cmr/m/n/10 )\OMS/cmsy/m/n/10 k ^^T \OT1
/cmr/m/n/10 1$\TU/lmr/m/n/10 . By linearity $\OML/cmm/m/it/10 T\OT1/cmr/m/n/10 
(\OML/cmm/m/it/10 x\OT1/cmr/m/n/10 ) = \OML/cmm/m/it/10 T\OT1/cmr/m/n/10 (\OML/
cmm/m/it/10 C\OMS/cmsy/m/n/10 k\OML/cmm/m/it/10 x\OMS/cmsy/m/n/10 k\OML/cmm/m/i
t/10 x[]\OT1/cmr/m/n/10 ) =
 []

) [8]
\openout2 = `mathematical-physics-linear-differential-operator.aux'.

(./mathematical-physics-linear-differential-operator.tex
Overfull \hbox (13.23338pt too wide) in paragraph at lines 5--6
 []\TU/lmr/bx/n/10 The Formal Linear Differential Operator[] \TU/lmr/m/n/10 We 
define the differentian opeartor
 []

./mathematical-physics-linear-differential-operator.tex:15: Undefined control s
equence.
<recently read> \mathbb 
                        
l.15 ...Let $p(x)$ be any polynomial over $\mathbb
                                                  {C}$ of positive degree:
The control sequence at the end of the top line
of your error message was never \def'ed. If you have
misspelled it (e.g., `\hobx'), type `I' and the correct
spelling (e.g., `I\hbox'). Otherwise just continue,
and I'll forget about whatever was undefined.


Overfull \hbox (9.12975pt too wide) in paragraph at lines 36--37
\TU/lmr/m/n/10 about solutions to homogenous differential equations: they belon
g to $\OML/cmm/m/it/10 C[]$\TU/lmr/m/n/10 (infinitely
 []

./mathematical-physics-linear-differential-operator.tex:44: Misplaced alignment
 tab character &.
l.44 a_0y+a_1y^{(1)}+a_2y^{(2)}...+a_n y^{(n)} &
                                                =0 \\
I can't figure out why you would want to use a tab mark
here. If you just want an ampersand, the remedy is
simple: Just type `I\&' now. But if some right brace
up above has ended a previous alignment prematurely,
you're probably due for more error messages, and you
might try typing `S' now just to see what is salvageable.

./mathematical-physics-linear-differential-operator.tex:45: Misplaced alignment
 tab character &.
l.45 y^{(n)} &
              = -(b_0y+b_1y^{(1)}+b_2y^{(2)}...\underbrace{b_{n-1}{y}^{n-1}}...
I can't figure out why you would want to use a tab mark
here. If you just want an ampersand, the remedy is
simple: Just type `I\&' now. But if some right brace
up above has ended a previous alignment prematurely,
you're probably due for more error messages, and you
might try typing `S' now just to see what is salvageable.

[9



]) [10]
\openout2 = `mathematical-physics-inner-product-space-1.aux'.

(./mathematical-physics-inner-product-space-1.tex
./mathematical-physics-inner-product-space-1.tex:24: Misplaced alignment tab ch
aracter &.
l.24 \langle u, \mathcal Lv \rangle &
                                     = \langle \mathcal L^*u, v \rangle
I can't figure out why you would want to use a tab mark
here. If you just want an ampersand, the remedy is
simple: Just type `I\&' now. But if some right brace
up above has ended a previous alignment prematurely,
you're probably due for more error messages, and you
might try typing `S' now just to see what is salvageable.

./mathematical-physics-inner-product-space-1.tex:37: Misplaced alignment tab ch
aracter &.
l.37 F(y) &
           = \int_0^1 y\left(-\frac{d}{dx}\left(p\frac{d}{dx}y\right) + qy\r...
I can't figure out why you would want to use a tab mark
here. If you just want an ampersand, the remedy is
simple: Just type `I\&' now. But if some right brace
up above has ended a previous alignment prematurely,
you're probably due for more error messages, and you
might try typing `S' now just to see what is salvageable.

./mathematical-physics-inner-product-space-1.tex:38: Misplaced alignment tab ch
aracter &.
<recently read> &
                 
l.38 &
      = \int_0^1 -y \frac{d}{dx}\left(p\frac{d}{dx}y\right)dx+\int_0^1 qy^2d...
I can't figure out why you would want to use a tab mark
here. If you just want an ampersand, the remedy is
simple: Just type `I\&' now. But if some right brace
up above has ended a previous alignment prematurely,
you're probably due for more error messages, and you
might try typing `S' now just to see what is salvageable.

./mathematical-physics-inner-product-space-1.tex:39: Misplaced alignment tab ch
aracter &.
<recently read> &
                 
l.39 &
      = -\left\{\cancel{\left[yp\frac{dy}{dx}\right]_0^1} - \int p\left(\fra...
I can't figure out why you would want to use a tab mark
here. If you just want an ampersand, the remedy is
simple: Just type `I\&' now. But if some right brace
up above has ended a previous alignment prematurely,
you're probably due for more error messages, and you
might try typing `S' now just to see what is salvageable.

./mathematical-physics-inner-product-space-1.tex:39: Undefined control sequence
.
l.39 &= -\left\{\cancel
                       {\left[yp\frac{dy}{dx}\right]_0^1} - \int p\left(\fra...
The control sequence at the end of the top line
of your error message was never \def'ed. If you have
misspelled it (e.g., `\hobx'), type `I' and the correct
spelling (e.g., `I\hbox'). Otherwise just continue,
and I'll forget about whatever was undefined.

./mathematical-physics-inner-product-space-1.tex:40: Misplaced alignment tab ch
aracter &.
<recently read> &
                 
l.40 &
      = \int_0^1 py'^2 + qy^2
I can't figure out why you would want to use a tab mark
here. If you just want an ampersand, the remedy is
simple: Just type `I\&' now. But if some right brace
up above has ended a previous alignment prematurely,
you're probably due for more error messages, and you
might try typing `S' now just to see what is salvageable.


Overfull \hbox (239.84314pt too wide) detected at line 41
[][][]\OML/cmm/m/it/10 F\OT1/cmr/m/n/10 (\OML/cmm/m/it/10 y\OT1/cmr/m/n/10 ) = 
[][] \OML/cmm/m/it/10 y [] dx[]  \OT1/cmr/m/n/10 = [][] \OMS/cmsy/m/n/10 ^^@\OM
L/cmm/m/it/10 y[] [] dx \OT1/cmr/m/n/10 + [][] \OML/cmm/m/it/10 qy[]dx[]  \OT1/
cmr/m/n/10 = \OMS/cmsy/m/n/10 ^^@ [] \OT1/cmr/m/n/10 + [][] \OML/cmm/m/it/10 qy
[]dx[]  \OT1/cmr/m/n/10 = [][] \OML/cmm/m/it/10 py[] \OT1/cmr/m/n/10 + \OML/cmm
/m/it/10 qy[]
 []

./mathematical-physics-inner-product-space-1.tex:44: Misplaced alignment tab ch
aracter &.
l.44 \hat y &
             = [y_1,...,y_N] \\
I can't figure out why you would want to use a tab mark
here. If you just want an ampersand, the remedy is
simple: Just type `I\&' now. But if some right brace
up above has ended a previous alignment prematurely,
you're probably due for more error messages, and you
might try typing `S' now just to see what is salvageable.

./mathematical-physics-inner-product-space-1.tex:45: Misplaced alignment tab ch
aracter &.
l.45 \hat p &
             = [p_1,...,p_N] \\
I can't figure out why you would want to use a tab mark
here. If you just want an ampersand, the remedy is
simple: Just type `I\&' now. But if some right brace
up above has ended a previous alignment prematurely,
you're probably due for more error messages, and you
might try typing `S' now just to see what is salvageable.

./mathematical-physics-inner-product-space-1.tex:46: Misplaced alignment tab ch
aracter &.
l.46 \hat q &
             = [q_1,...,q_N]
I can't figure out why you would want to use a tab mark
here. If you just want an ampersand, the remedy is
simple: Just type `I\&' now. But if some right brace
up above has ended a previous alignment prematurely,
you're probably due for more error messages, and you
might try typing `S' now just to see what is salvageable.

[11



] [12]
Overfull \hbox (22.55069pt too wide) detected at line 142
[][][]\OML/cmm/m/it/10 L \OT1/cmr/m/n/10 = \OML/cmm/m/it/10 N [] \OT1/cmr/m/n/1
0 + [] []
 []

[13]
./mathematical-physics-inner-product-space-1.tex:192: Misplaced alignment tab c
haracter &.
l.192 y_j(x) &
              =\sqrt{2}\sin j\pi x \\
I can't figure out why you would want to use a tab mark
here. If you just want an ampersand, the remedy is
simple: Just type `I\&' now. But if some right brace
up above has ended a previous alignment prematurely,
you're probably due for more error messages, and you
might try typing `S' now just to see what is salvageable.

./mathematical-physics-inner-product-space-1.tex:193: Misplaced alignment tab c
haracter &.
l.193 \lambda_j &
                 = j^2\pi^2
I can't figure out why you would want to use a tab mark
here. If you just want an ampersand, the remedy is
simple: Just type `I\&' now. But if some right brace
up above has ended a previous alignment prematurely,
you're probably due for more error messages, and you
might try typing `S' now just to see what is salvageable.

./mathematical-physics-inner-product-space-1.tex:210: Misplaced alignment tab c
haracter &.
l.210 L\hat y &
               = \lambda \hat y
I can't figure out why you would want to use a tab mark
here. If you just want an ampersand, the remedy is
simple: Just type `I\&' now. But if some right brace
up above has ended a previous alignment prematurely,
you're probably due for more error messages, and you
might try typing `S' now just to see what is salvageable.

File: files/sl_evecs-749bd46b634f4b726002411b1a849030.png Graphic file (type bm
p)
<files/sl_evecs-749bd46b634f4b726002411b1a849030.png>
) [14] [15] [16


]
\openout2 = `mathematical-physics-euler-lagrange-equation.aux'.

(./mathematical-physics-euler-lagrange-equation.tex
Underfull \hbox (badness 10000) in paragraph at lines 18--19

 []

./mathematical-physics-euler-lagrange-equation.tex:37: Undefined control sequen
ce.
l.37 ...al number, i.e., $J:C^{\infty} \to \mathbb
                                                  {R}$. In particular, it mo...
The control sequence at the end of the top line
of your error message was never \def'ed. If you have
misspelled it (e.g., `\hobx'), type `I' and the correct
spelling (e.g., `I\hbox'). Otherwise just continue,
and I'll forget about whatever was undefined.

[17

]
File: files/vs-89ee0e6d488b170eecb5d0f3a41cc551.png Graphic file (type bmp)
<files/vs-89ee0e6d488b170eecb5d0f3a41cc551.png>
[18]
./mathematical-physics-euler-lagrange-equation.tex:111: Misplaced alignment tab
 character &.
l.111 y_1 &
           = y \\
I can't figure out why you would want to use a tab mark
here. If you just want an ampersand, the remedy is
simple: Just type `I\&' now. But if some right brace
up above has ended a previous alignment prematurely,
you're probably due for more error messages, and you
might try typing `S' now just to see what is salvageable.

./mathematical-physics-euler-lagrange-equation.tex:112: Misplaced alignment tab
 character &.
l.112 y_2 &
           = y^{(1)} \\
I can't figure out why you would want to use a tab mark
here. If you just want an ampersand, the remedy is
simple: Just type `I\&' now. But if some right brace
up above has ended a previous alignment prematurely,
you're probably due for more error messages, and you
might try typing `S' now just to see what is salvageable.

./mathematical-physics-euler-lagrange-equation.tex:114: Misplaced alignment tab
 character &.
l.114 y_{n} &
             = y^{(n-1)}
I can't figure out why you would want to use a tab mark
here. If you just want an ampersand, the remedy is
simple: Just type `I\&' now. But if some right brace
up above has ended a previous alignment prematurely,
you're probably due for more error messages, and you
might try typing `S' now just to see what is salvageable.

[19]
./mathematical-physics-euler-lagrange-equation.tex:156: Misplaced alignment tab
 character &.
l.156 ...f}{\partial y^{(j)}}\frac{dy^{(j)}}{dx} &
                                                  = 0\\
I can't figure out why you would want to use a tab mark
here. If you just want an ampersand, the remedy is
simple: Just type `I\&' now. But if some right brace
up above has ended a previous alignment prematurely,
you're probably due for more error messages, and you
might try typing `S' now just to see what is salvageable.

./mathematical-physics-euler-lagrange-equation.tex:157: Misplaced alignment tab
 character &.
l.157 \frac{\partial f}{\partial x} &
                                     =0
I can't figure out why you would want to use a tab mark
here. If you just want an ampersand, the remedy is
simple: Just type `I\&' now. But if some right brace
up above has ended a previous alignment prematurely,
you're probably due for more error messages, and you
might try typing `S' now just to see what is salvageable.

./mathematical-physics-euler-lagrange-equation.tex:163: Misplaced alignment tab
 character &.
l.163 ...tial f}{\partial y'}\right)\right\}}_{0}&
                                                  = \frac{d}{dx}\left(y'\fra...
I can't figure out why you would want to use a tab mark
here. If you just want an ampersand, the remedy is
simple: Just type `I\&' now. But if some right brace
up above has ended a previous alignment prematurely,
you're probably due for more error messages, and you
might try typing `S' now just to see what is salvageable.

[20]
./mathematical-physics-euler-lagrange-equation.tex:201: Use of \@xfootnote does
n't match its definition.
\@ifnextchar ...eserved@d =#1\def \reserved@a {#2}
                                                  \def \reserved@b {#3}\futu...
l.201 W
       e also define:
If you say, e.g., `\def\a1{...}', then you must always
put `1' after `\a', since control sequence names are
made up of letters only. The macro here has not been
followed by the required stuff, so I'm ignoring it.

./mathematical-physics-euler-lagrange-equation.tex:201: Argument of \H@old@sect
 has an extra }.
<inserted text> 
                \par 
l.201 W
       e also define:
I've run across a `}' that doesn't seem to match anything.
For example, `\def\a#1{...}' and `\a}' would produce
this error. If you simply proceed now, the `\par' that
I've just inserted will cause me to report a runaway
argument that might be the root of the problem. But if
your `}' was spurious, just type `2' and it will go away.

Runaway argument?
./mathematical-physics-euler-lagrange-equation.tex:201: Paragraph ended before 
\H@old@sect was complete.
<to be read again> 
                   \par 
l.201 W
       e also define:
I suspect you've forgotten a `}', causing me to apply this
control sequence to too much text. How can we recover?
My plan is to forget the whole thing and hope for the best.

./mathematical-physics-euler-lagrange-equation.tex:201: Missing \endcsname inse
rted.
<to be read again> 
                   \csname\endcsname 
l.201 W
       e also define:
The control sequence marked <to be read again> should
not appear between \csname and \endcsname.

./mathematical-physics-euler-lagrange-equation.tex:201: Missing \endcsname inse
rted.
<to be read again> 
                   \csname\endcsname 
l.201 W
       e also define:
The control sequence marked <to be read again> should
not appear between \csname and \endcsname.

./mathematical-physics-euler-lagrange-equation.tex:201: Missing \endcsname inse
rted.
<to be read again> 
                   \csname\endcsname 
l.201 W
       e also define:
The control sequence marked <to be read again> should
not appear between \csname and \endcsname.

./mathematical-physics-euler-lagrange-equation.tex:201: Missing \endcsname inse
rted.
<to be read again> 
                   \MessageBreak 
l.201 W
       e also define:
The control sequence marked <to be read again> should
not appear between \csname and \endcsname.

./mathematical-physics-euler-lagrange-equation.tex:201: Missing \endcsname inse
rted.
<to be read again> 
                   \csname\endcsname 
l.201 W
       e also define:
The control sequence marked <to be read again> should
not appear between \csname and \endcsname.

./mathematical-physics-euler-lagrange-equation.tex:201: Missing \endcsname inse
rted.
<to be read again> 
                   \csname\endcsname 
l.201 W
       e also define:
The control sequence marked <to be read again> should
not appear between \csname and \endcsname.

./mathematical-physics-euler-lagrange-equation.tex:201: Missing \endcsname inse
rted.
<to be read again> 
                   \csname\endcsname 
l.201 W
       e also define:
The control sequence marked <to be read again> should
not appear between \csname and \endcsname.

./mathematical-physics-euler-lagrange-equation.tex:201: Missing \endcsname inse
rted.
<to be read again> 
                   \MessageBreak 
l.201 W
       e also define:
The control sequence marked <to be read again> should
not appear between \csname and \endcsname.

./mathematical-physics-euler-lagrange-equation.tex:201: Missing \endcsname inse
rted.
<to be read again> 
                   \csname\endcsname 
l.201 W
       e also define:
The control sequence marked <to be read again> should
not appear between \csname and \endcsname.

./mathematical-physics-euler-lagrange-equation.tex:201: Missing \endcsname inse
rted.
<to be read again> 
                   \csname\endcsname 
l.201 W
       e also define:
The control sequence marked <to be read again> should
not appear between \csname and \endcsname.

./mathematical-physics-euler-lagrange-equation.tex:201: Missing \endcsname inse
rted.
<to be read again> 
                   \csname\endcsname 
l.201 W
       e also define:
The control sequence marked <to be read again> should
not appear between \csname and \endcsname.

./mathematical-physics-euler-lagrange-equation.tex:201: Missing \endcsname inse
rted.
<to be read again> 
                   \MessageBreak 
l.201 W
       e also define:
The control sequence marked <to be read again> should
not appear between \csname and \endcsname.

./mathematical-physics-euler-lagrange-equation.tex:201: Missing \endcsname inse
rted.
<to be read again> 
                   \csname\endcsname 
l.201 W
       e also define:
The control sequence marked <to be read again> should
not appear between \csname and \endcsname.

./mathematical-physics-euler-lagrange-equation.tex:201: Missing \endcsname inse
rted.
<to be read again> 
                   \csname\endcsname 
l.201 W
       e also define:
The control sequence marked <to be read again> should
not appear between \csname and \endcsname.

./mathematical-physics-euler-lagrange-equation.tex:201: Missing \endcsname inse
rted.
<to be read again> 
                   \csname\endcsname 
l.201 W
       e also define:
The control sequence marked <to be read again> should
not appear between \csname and \endcsname.

./mathematical-physics-euler-lagrange-equation.tex:201: Missing \endcsname inse
rted.
<to be read again> 
                   \MessageBreak 
l.201 W
       e also define:
The control sequence marked <to be read again> should
not appear between \csname and \endcsname.

./mathematical-physics-euler-lagrange-equation.tex:201: Missing \endcsname inse
rted.
<to be read again> 
                   \csname\endcsname 
l.201 W
       e also define:
The control sequence marked <to be read again> should
not appear between \csname and \endcsname.

./mathematical-physics-euler-lagrange-equation.tex:201: Missing \endcsname inse
rted.
<to be read again> 
                   \csname\endcsname 
l.201 W
       e also define:
The control sequence marked <to be read again> should
not appear between \csname and \endcsname.

./mathematical-physics-euler-lagrange-equation.tex:201: Missing \endcsname inse
rted.
<to be read again> 
                   \csname\endcsname 
l.201 W
       e also define:
The control sequence marked <to be read again> should
not appear between \csname and \endcsname.

./mathematical-physics-euler-lagrange-equation.tex:201: Missing \endcsname inse
rted.
<to be read again> 
                   \MessageBreak 
l.201 W
       e also define:
The control sequence marked <to be read again> should
not appear between \csname and \endcsname.

./mathematical-physics-euler-lagrange-equation.tex:201: Missing \endcsname inse
rted.
<to be read again> 
                   \csname\endcsname 
l.201 W
       e also define:
The control sequence marked <to be read again> should
not appear between \csname and \endcsname.

./mathematical-physics-euler-lagrange-equation.tex:201: Missing \endcsname inse
rted.
<to be read again> 
                   \csname\endcsname 
l.201 W
       e also define:
The control sequence marked <to be read again> should
not appear between \csname and \endcsname.

./mathematical-physics-euler-lagrange-equation.tex:201: Missing \endcsname inse
rted.
<to be read again> 
                   \csname\endcsname 
l.201 W
       e also define:
The control sequence marked <to be read again> should
not appear between \csname and \endcsname.

./mathematical-physics-euler-lagrange-equation.tex:201: Missing \endcsname inse
rted.
<to be read again> 
                   \MessageBreak 
l.201 W
       e also define:
The control sequence marked <to be read again> should
not appear between \csname and \endcsname.

./mathematical-physics-euler-lagrange-equation.tex:201: Missing \endcsname inse
rted.
<to be read again> 
                   \csname\endcsname 
l.201 W
       e also define:
The control sequence marked <to be read again> should
not appear between \csname and \endcsname.

./mathematical-physics-euler-lagrange-equation.tex:201: Missing \endcsname inse
rted.
<to be read again> 
                   \csname\endcsname 
l.201 W
       e also define:
The control sequence marked <to be read again> should
not appear between \csname and \endcsname.

./mathematical-physics-euler-lagrange-equation.tex:201: Missing \endcsname inse
rted.
<to be read again> 
                   \csname\endcsname 
l.201 W
       e also define:
The control sequence marked <to be read again> should
not appear between \csname and \endcsname.

./mathematical-physics-euler-lagrange-equation.tex:201: Missing \endcsname inse
rted.
<to be read again> 
                   \MessageBreak 
l.201 W
       e also define:
The control sequence marked <to be read again> should
not appear between \csname and \endcsname.

./mathematical-physics-euler-lagrange-equation.tex:201: Missing \endcsname inse
rted.
<to be read again> 
                   \csname\endcsname 
l.201 W
       e also define:
The control sequence marked <to be read again> should
not appear between \csname and \endcsname.

./mathematical-physics-euler-lagrange-equation.tex:201: Missing \endcsname inse
rted.
<to be read again> 
                   \csname\endcsname 
l.201 W
       e also define:
The control sequence marked <to be read again> should
not appear between \csname and \endcsname.

./mathematical-physics-euler-lagrange-equation.tex:201: Missing \endcsname inse
rted.
<to be read again> 
                   \csname\endcsname 
l.201 W
       e also define:
The control sequence marked <to be read again> should
not appear between \csname and \endcsname.

./mathematical-physics-euler-lagrange-equation.tex:201: Missing \endcsname inse
rted.
<to be read again> 
                   \MessageBreak 
l.201 W
       e also define:
The control sequence marked <to be read again> should
not appear between \csname and \endcsname.

./mathematical-physics-euler-lagrange-equation.tex:201: Missing \endcsname inse
rted.
<to be read again> 
                   \csname\endcsname 
l.201 W
       e also define:
The control sequence marked <to be read again> should
not appear between \csname and \endcsname.

./mathematical-physics-euler-lagrange-equation.tex:201: Missing \endcsname inse
rted.
<to be read again> 
                   \csname\endcsname 
l.201 W
       e also define:
The control sequence marked <to be read again> should
not appear between \csname and \endcsname.

./mathematical-physics-euler-lagrange-equation.tex:201: Missing \endcsname inse
rted.
<to be read again> 
                   \csname\endcsname 
l.201 W
       e also define:
The control sequence marked <to be read again> should
not appear between \csname and \endcsname.

./mathematical-physics-euler-lagrange-equation.tex:201: Missing \endcsname inse
rted.
<to be read again> 
                   \MessageBreak 
l.201 W
       e also define:
The control sequence marked <to be read again> should
not appear between \csname and \endcsname.

./mathematical-physics-euler-lagrange-equation.tex:201: Missing \endcsname inse
rted.
<to be read again> 
                   \csname\endcsname 
l.201 W
       e also define:
The control sequence marked <to be read again> should
not appear between \csname and \endcsname.

./mathematical-physics-euler-lagrange-equation.tex:201: Missing \endcsname inse
rted.
<to be read again> 
                   \csname\endcsname 
l.201 W
       e also define:
The control sequence marked <to be read again> should
not appear between \csname and \endcsname.

./mathematical-physics-euler-lagrange-equation.tex:201: Missing \endcsname inse
rted.
<to be read again> 
                   \csname\endcsname 
l.201 W
       e also define:
The control sequence marked <to be read again> should
not appear between \csname and \endcsname.

./mathematical-physics-euler-lagrange-equation.tex:201: Missing \endcsname inse
rted.
<to be read again> 
                   \MessageBreak 
l.201 W
       e also define:
The control sequence marked <to be read again> should
not appear between \csname and \endcsname.

./mathematical-physics-euler-lagrange-equation.tex:201: Missing \endcsname inse
rted.
<to be read again> 
                   \csname\endcsname 
l.201 W
       e also define:
The control sequence marked <to be read again> should
not appear between \csname and \endcsname.

./mathematical-physics-euler-lagrange-equation.tex:201: Missing \endcsname inse
rted.
<to be read again> 
                   \csname\endcsname 
l.201 W
       e also define:
The control sequence marked <to be read again> should
not appear between \csname and \endcsname.

./mathematical-physics-euler-lagrange-equation.tex:201: Missing \endcsname inse
rted.
<to be read again> 
                   \csname\endcsname 
l.201 W
       e also define:
The control sequence marked <to be read again> should
not appear between \csname and \endcsname.

./mathematical-physics-euler-lagrange-equation.tex:201: Missing \endcsname inse
rted.
<to be read again> 
                   \MessageBreak 
l.201 W
       e also define:
The control sequence marked <to be read again> should
not appear between \csname and \endcsname.

./mathematical-physics-euler-lagrange-equation.tex:201: Missing \endcsname inse
rted.
<to be read again> 
                   \csname\endcsname 
l.201 W
       e also define:
The control sequence marked <to be read again> should
not appear between \csname and \endcsname.

./mathematical-physics-euler-lagrange-equation.tex:201: Missing \endcsname inse
rted.
<to be read again> 
                   \csname\endcsname 
l.201 W
       e also define:
The control sequence marked <to be read again> should
not appear between \csname and \endcsname.

./mathematical-physics-euler-lagrange-equation.tex:201: Missing \endcsname inse
rted.
<to be read again> 
                   \csname\endcsname 
l.201 W
       e also define:
The control sequence marked <to be read again> should
not appear between \csname and \endcsname.

./mathematical-physics-euler-lagrange-equation.tex:201: Missing \endcsname inse
rted.
<to be read again> 
                   \MessageBreak 
l.201 W
       e also define:
The control sequence marked <to be read again> should
not appear between \csname and \endcsname.

./mathematical-physics-euler-lagrange-equation.tex:201: Missing \endcsname inse
rted.
<to be read again> 
                   \csname\endcsname 
l.201 W
       e also define:
The control sequence marked <to be read again> should
not appear between \csname and \endcsname.

./mathematical-physics-euler-lagrange-equation.tex:201: Missing \endcsname inse
rted.
<to be read again> 
                   \csname\endcsname 
l.201 W
       e also define:
The control sequence marked <to be read again> should
not appear between \csname and \endcsname.

./mathematical-physics-euler-lagrange-equation.tex:201: Missing \endcsname inse
rted.
<to be read again> 
                   \csname\endcsname 
l.201 W
       e also define:
The control sequence marked <to be read again> should
not appear between \csname and \endcsname.

./mathematical-physics-euler-lagrange-equation.tex:201: Missing \endcsname inse
rted.
<to be read again> 
                   \MessageBreak 
l.201 W
       e also define:
The control sequence marked <to be read again> should
not appear between \csname and \endcsname.

./mathematical-physics-euler-lagrange-equation.tex:201: Missing \endcsname inse
rted.
<to be read again> 
                   \csname\endcsname 
l.201 W
       e also define:
The control sequence marked <to be read again> should
not appear between \csname and \endcsname.

./mathematical-physics-euler-lagrange-equation.tex:201: Missing \endcsname inse
rted.
<to be read again> 
                   \csname\endcsname 
l.201 W
       e also define:
The control sequence marked <to be read again> should
not appear between \csname and \endcsname.

./mathematical-physics-euler-lagrange-equation.tex:201: Missing \endcsname inse
rted.
<to be read again> 
                   \csname\endcsname 
l.201 W
       e also define:
The control sequence marked <to be read again> should
not appear between \csname and \endcsname.

./mathematical-physics-euler-lagrange-equation.tex:201: Missing \endcsname inse
rted.
<to be read again> 
                   \MessageBreak 
l.201 W
       e also define:
The control sequence marked <to be read again> should
not appear between \csname and \endcsname.

./mathematical-physics-euler-lagrange-equation.tex:201: Missing \endcsname inse
rted.
<to be read again> 
                   \csname\endcsname 
l.201 W
       e also define:
The control sequence marked <to be read again> should
not appear between \csname and \endcsname.

./mathematical-physics-euler-lagrange-equation.tex:201: Missing \endcsname inse
rted.
<to be read again> 
                   \csname\endcsname 
l.201 W
       e also define:
The control sequence marked <to be read again> should
not appear between \csname and \endcsname.

./mathematical-physics-euler-lagrange-equation.tex:201: Missing \endcsname inse
rted.
<to be read again> 
                   \csname\endcsname 
l.201 W
       e also define:
The control sequence marked <to be read again> should
not appear between \csname and \endcsname.

./mathematical-physics-euler-lagrange-equation.tex:201: Missing \endcsname inse
rted.
<to be read again> 
                   \MessageBreak 
l.201 W
       e also define:
The control sequence marked <to be read again> should
not appear between \csname and \endcsname.

./mathematical-physics-euler-lagrange-equation.tex:201: Missing \endcsname inse
rted.
<to be read again> 
                   \csname\endcsname 
l.201 W
       e also define:
The control sequence marked <to be read again> should
not appear between \csname and \endcsname.

./mathematical-physics-euler-lagrange-equation.tex:201: Missing \endcsname inse
rted.
<to be read again> 
                   \csname\endcsname 
l.201 W
       e also define:
The control sequence marked <to be read again> should
not appear between \csname and \endcsname.

./mathematical-physics-euler-lagrange-equation.tex:201: Missing \endcsname inse
rted.
<to be read again> 
                   \csname\endcsname 
l.201 W
       e also define:
The control sequence marked <to be read again> should
not appear between \csname and \endcsname.

./mathematical-physics-euler-lagrange-equation.tex:201: Missing \endcsname inse
rted.
<to be read again> 
                   \MessageBreak 
l.201 W
       e also define:
The control sequence marked <to be read again> should
not appear between \csname and \endcsname.

./mathematical-physics-euler-lagrange-equation.tex:201: Missing \endcsname inse
rted.
<to be read again> 
                   \csname\endcsname 
l.201 W
       e also define:
The control sequence marked <to be read again> should
not appear between \csname and \endcsname.

./mathematical-physics-euler-lagrange-equation.tex:201: Missing \endcsname inse
rted.
<to be read again> 
                   \csname\endcsname 
l.201 W
       e also define:
The control sequence marked <to be read again> should
not appear between \csname and \endcsname.

./mathematical-physics-euler-lagrange-equation.tex:201: Missing \endcsname inse
rted.
<to be read again> 
                   \csname\endcsname 
l.201 W
       e also define:
The control sequence marked <to be read again> should
not appear between \csname and \endcsname.

./mathematical-physics-euler-lagrange-equation.tex:201: Missing \endcsname inse
rted.
<to be read again> 
                   \MessageBreak 
l.201 W
       e also define:
The control sequence marked <to be read again> should
not appear between \csname and \endcsname.

./mathematical-physics-euler-lagrange-equation.tex:201: Missing \endcsname inse
rted.
<to be read again> 
                   \csname\endcsname 
l.201 W
       e also define:
The control sequence marked <to be read again> should
not appear between \csname and \endcsname.

./mathematical-physics-euler-lagrange-equation.tex:201: Missing \endcsname inse
rted.
<to be read again> 
                   \csname\endcsname 
l.201 W
       e also define:
The control sequence marked <to be read again> should
not appear between \csname and \endcsname.

./mathematical-physics-euler-lagrange-equation.tex:201: Missing \endcsname inse
rted.
<to be read again> 
                   \csname\endcsname 
l.201 W
       e also define:
The control sequence marked <to be read again> should
not appear between \csname and \endcsname.

./mathematical-physics-euler-lagrange-equation.tex:201: Missing \endcsname inse
rted.
<to be read again> 
                   \MessageBreak 
l.201 W
       e also define:
The control sequence marked <to be read again> should
not appear between \csname and \endcsname.

./mathematical-physics-euler-lagrange-equation.tex:201: Missing \endcsname inse
rted.
<to be read again> 
                   \csname\endcsname 
l.201 W
       e also define:
The control sequence marked <to be read again> should
not appear between \csname and \endcsname.

./mathematical-physics-euler-lagrange-equation.tex:201: Missing \endcsname inse
rted.
<to be read again> 
                   \csname\endcsname 
l.201 W
       e also define:
The control sequence marked <to be read again> should
not appear between \csname and \endcsname.

./mathematical-physics-euler-lagrange-equation.tex:201: Missing \endcsname inse
rted.
<to be read again> 
                   \csname\endcsname 
l.201 W
       e also define:
The control sequence marked <to be read again> should
not appear between \csname and \endcsname.

./mathematical-physics-euler-lagrange-equation.tex:201: Missing \endcsname inse
rted.
<to be read again> 
                   \MessageBreak 
l.201 W
       e also define:
The control sequence marked <to be read again> should
not appear between \csname and \endcsname.

./mathematical-physics-euler-lagrange-equation.tex:201: Missing \endcsname inse
rted.
<to be read again> 
                   \csname\endcsname 
l.201 W
       e also define:
The control sequence marked <to be read again> should
not appear between \csname and \endcsname.

./mathematical-physics-euler-lagrange-equation.tex:201: Missing \endcsname inse
rted.
<to be read again> 
                   \csname\endcsname 
l.201 W
       e also define:
The control sequence marked <to be read again> should
not appear between \csname and \endcsname.

./mathematical-physics-euler-lagrange-equation.tex:201: Missing \endcsname inse
rted.
<to be read again> 
                   \csname\endcsname 
l.201 W
       e also define:
The control sequence marked <to be read again> should
not appear between \csname and \endcsname.

./mathematical-physics-euler-lagrange-equation.tex:201: Missing \endcsname inse
rted.
<to be read again> 
                   \MessageBreak 
l.201 W
       e also define:
The control sequence marked <to be read again> should
not appear between \csname and \endcsname.

./mathematical-physics-euler-lagrange-equation.tex:201: Missing \endcsname inse
rted.
<to be read again> 
                   \csname\endcsname 
l.201 W
       e also define:
The control sequence marked <to be read again> should
not appear between \csname and \endcsname.

./mathematical-physics-euler-lagrange-equation.tex:201: Missing \endcsname inse
rted.
<to be read again> 
                   \csname\endcsname 
l.201 W
       e also define:
The control sequence marked <to be read again> should
not appear between \csname and \endcsname.

./mathematical-physics-euler-lagrange-equation.tex:201: Missing \endcsname inse
rted.
<to be read again> 
                   \csname\endcsname 
l.201 W
       e also define:
The control sequence marked <to be read again> should
not appear between \csname and \endcsname.

./mathematical-physics-euler-lagrange-equation.tex:201: Missing \endcsname inse
rted.
<to be read again> 
                   \MessageBreak 
l.201 W
       e also define:
The control sequence marked <to be read again> should
not appear between \csname and \endcsname.

./mathematical-physics-euler-lagrange-equation.tex:201: Missing \endcsname inse
rted.
<to be read again> 
                   \csname\endcsname 
l.201 W
       e also define:
The control sequence marked <to be read again> should
not appear between \csname and \endcsname.

./mathematical-physics-euler-lagrange-equation.tex:201: Missing \endcsname inse
rted.
<to be read again> 
                   \csname\endcsname 
l.201 W
       e also define:
The control sequence marked <to be read again> should
not appear between \csname and \endcsname.

./mathematical-physics-euler-lagrange-equation.tex:201: Missing \endcsname inse
rted.
<to be read again> 
                   \csname\endcsname 
l.201 W
       e also define:
The control sequence marked <to be read again> should
not appear between \csname and \endcsname.

./mathematical-physics-euler-lagrange-equation.tex:201: Missing \endcsname inse
rted.
<to be read again> 
                   \MessageBreak 
l.201 W
       e also define:
The control sequence marked <to be read again> should
not appear between \csname and \endcsname.

./mathematical-physics-euler-lagrange-equation.tex:201: Missing \endcsname inse
rted.
<to be read again> 
                   \csname\endcsname 
l.201 W
       e also define:
The control sequence marked <to be read again> should
not appear between \csname and \endcsname.

./mathematical-physics-euler-lagrange-equation.tex:201: Missing \endcsname inse
rted.
<to be read again> 
                   \csname\endcsname 
l.201 W
       e also define:
The control sequence marked <to be read again> should
not appear between \csname and \endcsname.

./mathematical-physics-euler-lagrange-equation.tex:201: Missing \endcsname inse
rted.
<to be read again> 
                   \csname\endcsname 
l.201 W
       e also define:
The control sequence marked <to be read again> should
not appear between \csname and \endcsname.

./mathematical-physics-euler-lagrange-equation.tex:201: Missing \endcsname inse
rted.
<to be read again> 
                   \MessageBreak 
l.201 W
       e also define:
The control sequence marked <to be read again> should
not appear between \csname and \endcsname.

./mathematical-physics-euler-lagrange-equation.tex:201: Missing \endcsname inse
rted.
<to be read again> 
                   \csname\endcsname 
l.201 W
       e also define:
The control sequence marked <to be read again> should
not appear between \csname and \endcsname.

./mathematical-physics-euler-lagrange-equation.tex:201: Missing \endcsname inse
rted.
<to be read again> 
                   \csname\endcsname 
l.201 W
       e also define:
The control sequence marked <to be read again> should
not appear between \csname and \endcsname.

./mathematical-physics-euler-lagrange-equation.tex:201: Missing \endcsname inse
rted.
<to be read again> 
                   \csname\endcsname 
l.201 W
       e also define:
The control sequence marked <to be read again> should
not appear between \csname and \endcsname.

./mathematical-physics-euler-lagrange-equation.tex:201: Missing \endcsname inse
rted.
<to be read again> 
                   \MessageBreak 
l.201 W
       e also define:
The control sequence marked <to be read again> should
not appear between \csname and \endcsname.

./mathematical-physics-euler-lagrange-equation.tex:201: Missing \endcsname inse
rted.
<to be read again> 
                   \csname\endcsname 
l.201 W
       e also define:
(That makes 100 errors; please try again.) 
Here is how much of TeX's memory you used:
 10621 strings out of 474773
 171733 string characters out of 5757725
 1938839 words of memory out of 5000000
 32581 multiletter control sequences out of 15000+600000
 563969 words of font info for 72 fonts, out of 8000000 for 9000
 1348 hyphenation exceptions out of 8191
 72i,11n,79p,1023b,478s stack positions out of 10000i,1000n,20000p,200000b,200000s

Output written on mathematical-physics.xdv (20 pages, 187684 bytes).
